Archive member included because of file (symbol)

C:/Freescale/CW MCU v10.6/MCU/ARM_GCC_Support/ewl/lib/armv7e-m/fpu\libc.a(assert.o)
                              ./Sources/mymalloctesting.o (__ewl_assertion_failed)
C:/Freescale/CW MCU v10.6/MCU/ARM_GCC_Support/ewl/lib/armv7e-m/fpu\libc.a(errno.o)
                              ./Sources/shell.o (errno)
C:/Freescale/CW MCU v10.6/MCU/ARM_GCC_Support/ewl/lib/armv7e-m/fpu\libc.a(printf.o)
                              ./Sources/io.o (printf)
C:/Freescale/CW MCU v10.6/MCU/ARM_GCC_Support/ewl/lib/armv7e-m/fpu\libc.a(sprintf.o)
                              ./Sources/shell.o (sprintf)
C:/Freescale/CW MCU v10.6/MCU/ARM_GCC_Support/ewl/lib/armv7e-m/fpu\libc.a(vsnprintf.o)
                              C:/Freescale/CW MCU v10.6/MCU/ARM_GCC_Support/ewl/lib/armv7e-m/fpu\libc.a(sprintf.o) (vsnprintf)
C:/Freescale/CW MCU v10.6/MCU/ARM_GCC_Support/ewl/lib/armv7e-m/fpu\libc.a(abort.o)
                              C:/Freescale/CW MCU v10.6/MCU/ARM_GCC_Support/ewl/lib/armv7e-m/fpu\libc.a(assert.o) (abort)
C:/Freescale/CW MCU v10.6/MCU/ARM_GCC_Support/ewl/lib/armv7e-m/fpu\libc.a(alloc.o)
                              ./Sources/mymalloc.o (malloc)
C:/Freescale/CW MCU v10.6/MCU/ARM_GCC_Support/ewl/lib/armv7e-m/fpu\libc.a(atoi.o)
                              ./Sources/shell.o (strtol)
C:/Freescale/CW MCU v10.6/MCU/ARM_GCC_Support/ewl/lib/armv7e-m/fpu\libc.a(exit.o)
                              ./Project_Settings/Startup_Code/__arm_start.o (exit)
C:/Freescale/CW MCU v10.6/MCU/ARM_GCC_Support/ewl/lib/armv7e-m/fpu\libc.a(strtoul.o)
                              ./Sources/shell.o (strtoul)
C:/Freescale/CW MCU v10.6/MCU/ARM_GCC_Support/ewl/lib/armv7e-m/fpu\libc.a(memcpy.o)
                              C:/Freescale/CW MCU v10.6/MCU/ARM_GCC_Support/ewl/lib/armv7e-m/fpu\libc.a(vsnprintf.o) (memcpy)
C:/Freescale/CW MCU v10.6/MCU/ARM_GCC_Support/ewl/lib/armv7e-m/fpu\libc.a(memmove.o)
                              ./Sources/lcdcConsole.o (memmove)
C:/Freescale/CW MCU v10.6/MCU/ARM_GCC_Support/ewl/lib/armv7e-m/fpu\libc.a(memset.o)
                              ./Project_Settings/Startup_Code/__arm_start.o (memset)
C:/Freescale/CW MCU v10.6/MCU/ARM_GCC_Support/ewl/lib/armv7e-m/fpu\libc.a(strcmp.o)
                              ./Sources/mymalloc.o (strcmp)
C:/Freescale/CW MCU v10.6/MCU/ARM_GCC_Support/ewl/lib/armv7e-m/fpu\libc.a(strstr.o)
                              ./Sources/io.o (strstr)
C:/Freescale/CW MCU v10.6/MCU/ARM_GCC_Support/ewl/lib/armv7e-m/fpu\libc.a(strtok.o)
                              ./Sources/shell.o (strtok)
C:/Freescale/CW MCU v10.6/MCU/ARM_GCC_Support/ewl/lib/armv7e-m/fpu\libc.a(printformat_.o)
                              (__pformatter_)
C:/Freescale/CW MCU v10.6/MCU/ARM_GCC_Support/ewl/lib/armv7e-m/fpu\libc.a(scanformat_.o)
                              (__sformatter)
C:/Freescale/CW MCU v10.6/MCU/ARM_GCC_Support/ewl/lib/armv7e-m/fpu\libc.a(ctype_aeabi.o)
                              C:/Freescale/CW MCU v10.6/MCU/ARM_GCC_Support/ewl/lib/armv7e-m/fpu\libc.a(scanformat_.o) (isspace)
C:/Freescale/CW MCU v10.6/MCU/ARM_GCC_Support/ewl/lib/armv7e-m/fpu\libc.a(raise.o)
                              C:/Freescale/CW MCU v10.6/MCU/ARM_GCC_Support/ewl/lib/armv7e-m/fpu\libc.a(abort.o) (raise)
C:/Freescale/CW MCU v10.6/MCU/ARM_GCC_Support/ewl/lib/armv7e-m/fpu\libc.a(signal.o)
                              C:/Freescale/CW MCU v10.6/MCU/ARM_GCC_Support/ewl/lib/armv7e-m/fpu\libc.a(raise.o) (signal_funcs)
C:/Freescale/CW MCU v10.6/MCU/ARM_GCC_Support/ewl/lib/armv7e-m/fpu\libc.a(ansi_files.o)
                              C:/Freescale/CW MCU v10.6/MCU/ARM_GCC_Support/ewl/lib/armv7e-m/fpu\libc.a(printf.o) (__files)
C:/Freescale/CW MCU v10.6/MCU/ARM_GCC_Support/ewl/lib/armv7e-m/fpu\libc.a(fflush.o)
                              C:/Freescale/CW MCU v10.6/MCU/ARM_GCC_Support/ewl/lib/armv7e-m/fpu\libc.a(ansi_files.o) (fflush)
C:/Freescale/CW MCU v10.6/MCU/ARM_GCC_Support/ewl/lib/armv7e-m/fpu\libc.a(fwrite.o)
                              C:/Freescale/CW MCU v10.6/MCU/ARM_GCC_Support/ewl/lib/armv7e-m/fpu\libc.a(printf.o) (__FileWrite)
C:/Freescale/CW MCU v10.6/MCU/ARM_GCC_Support/ewl/lib/armv7e-m/fpu\libc.a(vsscanf.o)
                              C:/Freescale/CW MCU v10.6/MCU/ARM_GCC_Support/ewl/lib/armv7e-m/fpu\libc.a(atoi.o) (__StringRead)
C:/Freescale/CW MCU v10.6/MCU/ARM_GCC_Support/ewl/lib/armv7e-m/fpu\libc.a(__strtoul.o)
                              C:/Freescale/CW MCU v10.6/MCU/ARM_GCC_Support/ewl/lib/armv7e-m/fpu\libc.a(atoi.o) (__strtoul)
C:/Freescale/CW MCU v10.6/MCU/ARM_GCC_Support/ewl/lib/armv7e-m/fpu\libc.a(__filll_mem.o)
                              C:/Freescale/CW MCU v10.6/MCU/ARM_GCC_Support/ewl/lib/armv7e-m/fpu\libc.a(memset.o) (__fill_mem)
C:/Freescale/CW MCU v10.6/MCU/ARM_GCC_Support/ewl/lib/armv7e-m/fpu\libc.a(__memrchr.o)
[...]
Memory Configuration

Name             Origin             Length             Attributes
m_interrupts     0x1fff0000         0x000001e8         xr
m_text           0x1fff01e8         0x0000fe18         xr
m_data           0x20000000         0x00010000         rw
*default*        0x00000000         0xffffffff

Linker script and memory map

LOAD ./Project_Settings/Startup_Code/kinetis_sysinit.o
LOAD ./Project_Settings/Startup_Code/__arm_start.o
LOAD ./Project_Settings/Startup_Code/__arm_end.o
LOAD ./Sources/uartdriver.o
LOAD ./Sources/uart.o
LOAD ./Sources/thermistordriver.o
LOAD ./Sources/thermistor.o
LOAD ./Sources/svc.o
LOAD ./Sources/stringutils.o
LOAD ./Sources/shell.o
LOAD ./Sources/sdram.o
LOAD ./Sources/pushbuttondriver.o
LOAD ./Sources/pushbutton.o
LOAD ./Sources/profont.o
LOAD ./Sources/potentiometerdriver.o
LOAD ./Sources/potentiometer.o
LOAD ./Sources/mymalloctesting.o
LOAD ./Sources/mymalloc.o
LOAD ./Sources/mcg.o
LOAD ./Sources/map.o
LOAD ./Sources/main.o
LOAD ./Sources/leddriver.o
LOAD ./Sources/led.o
LOAD ./Sources/lcdcdriver.o
LOAD ./Sources/lcdcConsole.o
LOAD ./Sources/lcdc.o
LOAD ./Sources/io.o
LOAD ./Sources/file.o
LOAD ./Sources/delay.o
LOAD ./Sources/common.o
LOAD ./Sources/capacitivepadsdriver.o
LOAD ./Sources/capacitivepads.o
                0x1fff4cc4                __pformatter = __pformatter_
                [0x1fff50bc]                __sformatter = __sformatter
START GROUP
LOAD C:/Freescale/CW MCU v10.6/MCU/ARM_GCC_Support/ewl/lib/armv7e-m/fpu\libc.a
LOAD C:/Freescale/CW MCU v10.6/MCU/ARM_GCC_Support/ewl/lib/armv7e-m/fpu\libm.a
LOAD c:/freescale/cw mcu v10.6/cross_tools/arm-none-eabi-gcc-4_7_3/bin/../lib/gcc/arm-none-eabi/4.7.3/armv7e-m/fpu\libgcc.a
LOAD C:/Freescale/CW MCU v10.6/MCU/ARM_GCC_Support/ewl/lib/armv7e-m/fpu\librt.a
LOAD C:/Freescale/CW MCU v10.6/MCU/ARM_GCC_Support/ewl/lib/armv7e-m/fpu\libhosted.a
END GROUP
                0x20010000                _estack = 0x20010000
                0x20010000                __SP_INIT = _estack
                0x00000800                __heap_size = 0x800
                0x00000800                __stack_size = 0x800

.interrupts     0x1fff0000      0x1e8
                0x1fff0000                __vector_table = .
                0x1fff0000                . = ALIGN (0x4)
 *(.vectortable)
 .vectortable   0x1fff0000      0x1e8 ./Project_Settings/Startup_Code/kinetis_sysinit.o
                0x1fff0000                InterruptVector
                0x1fff01e8                . = ALIGN (0x4)

.text           0x1fff01e8     0x6744
                0x1fff01e8                . = ALIGN (0x4)
 *(.text)
 *(.text*)
 .text.Default_Handler
                0x1fff01e8        0xc ./Project_Settings/Startup_Code/kinetis_sysinit.o
                0x1fff01e8                HardFault_Handler
                0x1fff01e8                SysTick_Handler
                0x1fff01e8                PendSV_Handler
                0x1fff01e8                NMI_Handler
                0x1fff01e8                UsageFault_Handler
                0x1fff01e8                Default_Handler
                0x1fff01e8                MemManage_Handler
                0x1fff01e8                SVC_Handler
                0x1fff01e8                BusFault_Handler
                0x1fff01e8                DebugMonitor_Handler
 .text.__init_hardware
                0x1fff01f4       0x44 ./Project_Settings/Startup_Code/kinetis_sysinit.o
                0x1fff01f4                __init_hardware
 .text.zero_fill_bss
                0x1fff0238       0x2c ./Project_Settings/Startup_Code/__arm_start.o
 .text.__thumb_startup
                0x1fff0264       0x38 ./Project_Settings/Startup_Code/__arm_start.o
                0x1fff0264                __thumb_startup
 .text._ExitProcess
                0x1fff029c       0x10 ./Project_Settings/Startup_Code/__arm_end.o
                0x1fff029c                _ExitProcess
 .text.uartInit
                0x1fff02ac      0x3a8 ./Sources/uartdriver.o
                0x1fff02ac                uartInit
 .text.uartGetchar
                0x1fff0654       0x2c ./Sources/uartdriver.o
                0x1fff0654                uartGetchar
 .text.uartPutchar
                0x1fff0680       0x2c ./Sources/uartdriver.o
                0x1fff0680                uartPutchar
 .text.uartGetcharPresent
                0x1fff06ac       0x28 ./Sources/uartdriver.o
                0x1fff06ac                uartGetcharPresent
 .text.uart_driver_init
                0x1fff06d4       0x3c ./Sources/uartdriver.o
                0x1fff06d4                uart_driver_init
 .text.uart_driver_write
                0x1fff0710       0x28 ./Sources/uartdriver.o
                0x1fff0710                uart_driver_write
 .text.uart_driver_read
                0x1fff0738       0x24 ./Sources/uartdriver.o
                0x1fff0738                uart_driver_read
 .text.uart_driver_input_present
                0x1fff075c       0x18 ./Sources/uartdriver.o
                0x1fff075c                uart_driver_input_present
 .text.uart_init
                0x1fff0774       0x30 ./Sources/uart.o
                0x1fff0774                uart_init
 .text.uart_read
                0x1fff07a4       0x30 ./Sources/uart.o
                0x1fff07a4                uart_read
 .text.uart_write
                0x1fff07d4       0x34 ./Sources/uart.o
                0x1fff07d4                uart_write
 .text.thermistor_driver_init
                0x1fff0808       0x50 ./Sources/thermistordriver.o
                0x1fff0808                thermistor_driver_init
 .text.thermistor_driver_read
                0x1fff0858       0x38 ./Sources/thermistordriver.o
                0x1fff0858                thermistor_driver_read
 .text.thermistor_init
                0x1fff0890       0x2c ./Sources/thermistor.o
                0x1fff0890                thermistor_init
 .text.thermistor_read
                0x1fff08bc       0x2c ./Sources/thermistor.o
                0x1fff08bc                thermistor_read
 .text.SVCMalloc
                0x1fff08e8        0x8 ./Sources/svc.o
                0x1fff08e8                SVCMalloc
 .text.SVCFree  0x1fff08f0        0x4 ./Sources/svc.o
                0x1fff08f0                SVCFree
 .text.SVCMyopen
                0x1fff08f4        0x8 ./Sources/svc.o
                0x1fff08f4                SVCMyopen
 .text.SVCFgetc
                0x1fff08fc        0x8 ./Sources/svc.o
                0x1fff08fc                SVCFgetc
 .text.SVCFputc
                0x1fff0904        0x8 ./Sources/svc.o
                0x1fff0904                SVCFputc
 .text.svcHandler
                0x1fff090c       0x18 ./Sources/svc.o
                0x1fff090c                svcHandler
 .text.svcHandlerInC
                0x1fff0924      0x26c ./Sources/svc.o
                0x1fff0924                svcHandlerInC
 .text.strcopy  0x1fff0b90       0x50 ./Sources/stringutils.o
                0x1fff0b90                strcopy
 .text.strlength
                0x1fff0be0       0x44 ./Sources/stringutils.o
                0x1fff0be0                strlength
 .text.memoryset
                0x1fff0c24       0x3c ./Sources/stringutils.o
                0x1fff0c24                memoryset
 .text.stralloc
                0x1fff0c60       0x68 ./Sources/stringutils.o
                0x1fff0c60                stralloc
 .text.strduplicate
                0x1fff0cc8       0x30 ./Sources/stringutils.o
                0x1fff0cc8                strduplicate
 .text.strltrim
                0x1fff0cf8       0x48 ./Sources/stringutils.o
                0x1fff0cf8                strltrim
 .text.strrtrim
                0x1fff0d40       0x6c ./Sources/stringutils.o
                0x1fff0d40                strrtrim
 .text.strlrtrim
                0x1fff0dac       0x2c ./Sources/stringutils.o
                0x1fff0dac                strlrtrim
 .text.strcompare
                0x1fff0dd8       0x6c ./Sources/stringutils.o
                0x1fff0dd8                strcompare
 .text.initialize_hardware
                0x1fff0e44       0x54 ./Sources/shell.o
                0x1fff0e44                initialize_hardware
 .text.main     0x1fff0e98      0x22c ./Sources/shell.o
                0x1fff0e98                main
 .text.join     0x1fff10c4       0xb0 ./Sources/shell.o
                0x1fff10c4                join
 .text.cmd_date
                0x1fff1174       0x5c ./Sources/shell.o
                0x1fff1174                cmd_date
 .text.cmd_malloc
                0x1fff11d0       0xd8 ./Sources/shell.o
                0x1fff11d0                cmd_malloc
 .text.cmd_free
                0x1fff12a8       0x5c ./Sources/shell.o
                0x1fff12a8                cmd_free
 .text.cmd_memorymap
                0x1fff1304       0x60 ./Sources/shell.o
                0x1fff1304                cmd_memorymap
 .text.cmd_echo
                0x1fff1364       0xa4 ./Sources/shell.o
                0x1fff1364                cmd_echo
 .text.cmd_set  0x1fff1408       0xb4 ./Sources/shell.o
                0x1fff1408                cmd_set
 .text.toLong   0x1fff14bc       0xb0 ./Sources/shell.o
                0x1fff14bc                toLong
 .text.cmd_exit
                0x1fff156c       0x34 ./Sources/shell.o
                0x1fff156c                cmd_exit
 .text.cmd_help
                0x1fff15a0       0xdc ./Sources/shell.o
                0x1fff15a0                cmd_help
 .text.process_line
                0x1fff167c      0x124 ./Sources/shell.o
                0x1fff167c                process_line
 .text.isline   0x1fff17a0       0x74 ./Sources/shell.o
                0x1fff17a0                isline
 .text.stringsplit
                0x1fff1814       0x60 ./Sources/shell.o
                0x1fff1814                stringsplit
 .text.get_command_function
                0x1fff1874       0x70 ./Sources/shell.o
                0x1fff1874                get_command_function
 .text.do_command
                0x1fff18e4       0xec ./Sources/shell.o
                0x1fff18e4                do_command
 .text.isSlash  0x1fff19d0       0x24 ./Sources/shell.o
                0x1fff19d0                isSlash
 .text.subescapse_char
                0x1fff19f4      0x17c ./Sources/shell.o
                0x1fff19f4                subescapse_char
 .text.double_quote_check
                0x1fff1b70       0x5c ./Sources/shell.o
                0x1fff1b70                double_quote_check
 .text.clobberspaces
                0x1fff1bcc       0xb4 ./Sources/shell.o
                0x1fff1bcc                clobberspaces
 .text.splitString
                0x1fff1c80      0x1dc ./Sources/shell.o
                0x1fff1c80                splitString
 .text.cmd_fopen
                0x1fff1e5c       0xc4 ./Sources/shell.o
                0x1fff1e5c                cmd_fopen
 .text.cmd_fclose
                0x1fff1f20       0x5c ./Sources/shell.o
                0x1fff1f20                cmd_fclose
 .text.cmd_fgetc
                0x1fff1f7c       0x9c ./Sources/shell.o
                0x1fff1f7c                cmd_fgetc
 .text.cmd_delete_file
                0x1fff2018       0x48 ./Sources/shell.o
                0x1fff2018                cmd_delete_file
 .text.cmd_ls   0x1fff2060       0x40 ./Sources/shell.o
                0x1fff2060                cmd_ls
 .text.cmd_cat  0x1fff20a0       0xe0 ./Sources/shell.o
                0x1fff20a0                cmd_cat
 .text.cmd_fputc
                0x1fff2180       0x68 ./Sources/shell.o
                0x1fff2180                cmd_fputc
 .text.sdramInit
                0x1fff21e8      0x414 ./Sources/sdram.o
                0x1fff21e8                sdramInit
 .text.pushbuttoninit
                0x1fff25fc       0x34 ./Sources/pushbuttondriver.o
                0x1fff25fc                pushbuttoninit
 .text.pushbuttonSW1Config
                0x1fff2630       0x18 ./Sources/pushbuttondriver.o
                0x1fff2630                pushbuttonSW1Config
 .text.pushbuttonSW2Config
                0x1fff2648       0x18 ./Sources/pushbuttondriver.o
                0x1fff2648                pushbuttonSW2Config
 .text.sw1In    0x1fff2660       0x30 ./Sources/pushbuttondriver.o
                0x1fff2660                sw1In
 .text.sw2In    0x1fff2690       0x30 ./Sources/pushbuttondriver.o
                0x1fff2690                sw2In
 .text.pushbutton_init
                0x1fff26c0       0x2c ./Sources/pushbutton.o
                0x1fff26c0                pushbutton_init
 .text.pushbutton_read
                0x1fff26ec       0x30 ./Sources/pushbutton.o
                0x1fff26ec                pushbutton_read
 .text.potentiometer_driver_init
                0x1fff271c       0x50 ./Sources/potentiometerdriver.o
                0x1fff271c                potentiometer_driver_init
 .text.potentiometer_driver_read
                0x1fff276c       0x38 ./Sources/potentiometerdriver.o
                0x1fff276c                potentiometer_driver_read
 .text.potentiometer_init
                0x1fff27a4       0x2c ./Sources/potentiometer.o
                0x1fff27a4                potentiometer_init
 .text.potentiometer_read
                0x1fff27d0       0x2c ./Sources/potentiometer.o
                0x1fff27d0                potentiometer_read
 .text.align    0x1fff27fc       0x48 ./Sources/mymalloc.o
                0x1fff27fc                align
 .text.getcurrentprocessid
                0x1fff2844       0x10 ./Sources/mymalloc.o
                0x1fff2844                getcurrentprocessid
 .text.initmemory
                0x1fff2854       0x10 ./Sources/mymalloc.o
                0x1fff2854                initmemory
 .text.initmemory_ram
                0x1fff2864       0x6c ./Sources/mymalloc.o
                0x1fff2864                initmemory_ram
 .text.next     0x1fff28d0       0x40 ./Sources/mymalloc.o
                0x1fff28d0                next
 .text.hole     0x1fff2910       0x18 ./Sources/mymalloc.o
                0x1fff2910                hole
 .text.taken    0x1fff2928       0x44 ./Sources/mymalloc.o
                0x1fff2928                taken
 .text.sizeofnode
                0x1fff296c       0x18 ./Sources/mymalloc.o
                0x1fff296c                sizeofnode
 .text.mymalloc
                0x1fff2984       0xd8 ./Sources/mymalloc.o
                0x1fff2984                mymalloc
 .text.myfree   0x1fff2a5c       0x4c ./Sources/mymalloc.o
                0x1fff2a5c                myfree
 .text.memorymap
                0x1fff2aa8       0x14 ./Sources/mymalloc.o
                0x1fff2aa8                memorymap
 .text.mcgInit  0x1fff2abc       0xf8 ./Sources/mcg.o
                0x1fff2abc                mcgInit
 .text.print    0x1fff2bb4       0x68 ./Sources/map.o
                0x1fff2bb4                print
 .text.put      0x1fff2c1c       0x70 ./Sources/map.o
                0x1fff2c1c                put
 .text.match    0x1fff2c8c       0x28 ./Sources/map.o
                0x1fff2c8c                match
 .text.ledOrangeConfig
                0x1fff2cb4       0x30 ./Sources/leddriver.o
                0x1fff2cb4                ledOrangeConfig
 .text.ledYellowConfig
                0x1fff2ce4       0x30 ./Sources/leddriver.o
                0x1fff2ce4                ledYellowConfig
 .text.ledGreenConfig
                0x1fff2d14       0x30 ./Sources/leddriver.o
                0x1fff2d14                ledGreenConfig
 .text.ledBlueConfig
                0x1fff2d44       0x30 ./Sources/leddriver.o
                0x1fff2d44                ledBlueConfig
 .text.ledOrangeOff
                0x1fff2d74       0x18 ./Sources/leddriver.o
                0x1fff2d74                ledOrangeOff
 .text.ledYellowOff
                0x1fff2d8c       0x18 ./Sources/leddriver.o
                0x1fff2d8c                ledYellowOff
 .text.ledGreenOff
                0x1fff2da4       0x18 ./Sources/leddriver.o
                0x1fff2da4                ledGreenOff
 .text.ledBlueOff
                0x1fff2dbc       0x18 ./Sources/leddriver.o
                0x1fff2dbc                ledBlueOff
 .text.ledOrangeOn
                0x1fff2dd4       0x18 ./Sources/leddriver.o
                0x1fff2dd4                ledOrangeOn
 .text.ledYellowOn
                0x1fff2dec       0x18 ./Sources/leddriver.o
                0x1fff2dec                ledYellowOn
 .text.ledGreenOn
                0x1fff2e04       0x18 ./Sources/leddriver.o
                0x1fff2e04                ledGreenOn
 .text.ledBlueOn
                0x1fff2e1c       0x18 ./Sources/leddriver.o
                0x1fff2e1c                ledBlueOn
 .text.ledInit  0x1fff2e34       0x34 ./Sources/leddriver.o
                0x1fff2e34                ledInit
 .text.ledOrangeWrite
                0x1fff2e68       0x20 ./Sources/leddriver.o
                0x1fff2e68                ledOrangeWrite
 .text.ledYellowWrite
                0x1fff2e88       0x20 ./Sources/leddriver.o
                0x1fff2e88                ledYellowWrite
 .text.ledGreenWrite
                0x1fff2ea8       0x20 ./Sources/leddriver.o
                0x1fff2ea8                ledGreenWrite
 .text.ledBlueWrite
                0x1fff2ec8       0x20 ./Sources/leddriver.o
                0x1fff2ec8                ledBlueWrite
 .text.led_init
                0x1fff2ee8       0x2c ./Sources/led.o
                0x1fff2ee8                led_init
 .text.led_write
                0x1fff2f14       0x34 ./Sources/led.o
                0x1fff2f14                led_write
 .text.lcdcInit
                0x1fff2f48       0x78 ./Sources/lcdcdriver.o
                0x1fff2f48                lcdcInit
 .text.lcdcInitPins
                0x1fff2fc0      0x194 ./Sources/lcdcdriver.o
                0x1fff2fc0                lcdcInitPins
 .text.lcdcInitScreen
                0x1fff3154      0x190 ./Sources/lcdcdriver.o
                0x1fff3154                lcdcInitScreen
 .text.lcdc_driver_init
                0x1fff32e4       0x18 ./Sources/lcdcdriver.o
                0x1fff32e4                lcdc_driver_init
 .text.lcdc_driver_write
                0x1fff32fc       0x24 ./Sources/lcdcdriver.o
                0x1fff32fc                lcdc_driver_write
 .text.lcdcConsoleInit
                0x1fff3320       0x40 ./Sources/lcdcConsole.o
                0x1fff3320                lcdcConsoleInit
 .text.lcdcConsoleClear
                0x1fff3360       0x7c ./Sources/lcdcConsole.o
                0x1fff3360                lcdcConsoleClear
 .text.lcdcConsoleScroll
                0x1fff33dc       0xe0 ./Sources/lcdcConsole.o
                0x1fff33dc                lcdcConsoleScroll
 .text.lcdcConsolePutc
                0x1fff34bc      0x17c ./Sources/lcdcConsole.o
                0x1fff34bc                lcdcConsolePutc
 .text.lcdc_init
                0x1fff3638       0x2c ./Sources/lcdc.o
                0x1fff3638                lcdc_init
 .text.lcdc_write
                0x1fff3664       0x30 ./Sources/lcdc.o
                0x1fff3664                lcdc_write
 .text.init_devices_fdtable
                0x1fff3694       0xc8 ./Sources/io.o
                0x1fff3694                init_devices_fdtable
 .text.is_fd_inuse
                0x1fff375c       0x4c ./Sources/io.o
                0x1fff375c                is_fd_inuse
 .text.init_fdtable
                0x1fff37a8       0x54 ./Sources/io.o
                0x1fff37a8                init_fdtable
 .text.isdevice
                0x1fff37fc       0x48 ./Sources/io.o
                0x1fff37fc                isdevice
 .text.get_minor_num
                0x1fff3844       0x90 ./Sources/io.o
                0x1fff3844                get_minor_num
 .text.get_major_num
                0x1fff38d4       0xcc ./Sources/io.o
                0x1fff38d4                get_major_num
 .text.close_fd
                0x1fff39a0       0x50 ./Sources/io.o
                0x1fff39a0                close_fd
 .text.create_fd
                0x1fff39f0       0x90 ./Sources/io.o
                0x1fff39f0                create_fd
 .text.get_fd   0x1fff3a80       0x64 ./Sources/io.o
                0x1fff3a80                get_fd
 .text.myopen   0x1fff3ae4       0xb8 ./Sources/io.o
                0x1fff3ae4                myopen
 .text.myclose  0x1fff3b9c       0x74 ./Sources/io.o
                0x1fff3b9c                myclose
 .text.mywrite  0x1fff3c10       0x5c ./Sources/io.o
                0x1fff3c10                mywrite
 .text.myread   0x1fff3c6c       0x58 ./Sources/io.o
                0x1fff3c6c                myread
 .text.allocblock
                0x1fff3cc4       0x40 ./Sources/file.o
                0x1fff3cc4                allocblock
 .text.newfile  0x1fff3d04       0x68 ./Sources/file.o
                0x1fff3d04                newfile
 .text.getfile  0x1fff3d6c       0x48 ./Sources/file.o
                0x1fff3d6c                getfile
 .text.filewrite
                0x1fff3db4       0xc4 ./Sources/file.o
                0x1fff3db4                filewrite
 .text.isfileexists
                0x1fff3e78       0x8c ./Sources/file.o
                0x1fff3e78                isfileexists
 .text.fileread
                0x1fff3f04       0xe8 ./Sources/file.o
                0x1fff3f04                fileread
 .text.ls       0x1fff3fec      0x100 ./Sources/file.o
                0x1fff3fec                ls
 .text.fileinit
                0x1fff40ec       0x40 ./Sources/file.o
                0x1fff40ec                fileinit
 .text.filerelease
                0x1fff412c       0x40 ./Sources/file.o
                0x1fff412c                filerelease
 .text.get_file_inode
                0x1fff416c       0x64 ./Sources/file.o
                0x1fff416c                get_file_inode
 .text.create_file
                0x1fff41d0       0x90 ./Sources/file.o
                0x1fff41d0                create_file
 .text.free_file_memory
                0x1fff4260       0x4c ./Sources/file.o
                0x1fff4260                free_file_memory
 .text.delete_file
                0x1fff42ac      0x118 ./Sources/file.o
                0x1fff42ac                delete_file
 .text.write_string
                0x1fff43c4       0x34 ./Sources/common.o
                0x1fff43c4                write_string
 .text.myassert
                0x1fff43f8       0x5c ./Sources/common.o
                0x1fff43f8                myassert
 .text.TSI_Init
                0x1fff4454       0xfc ./Sources/capacitivepadsdriver.o
                0x1fff4454                TSI_Init
 .text.TSI_Calibrate
                0x1fff4550       0xa4 ./Sources/capacitivepadsdriver.o
                0x1fff4550                TSI_Calibrate
 .text.electrode_in
                0x1fff45f4       0x94 ./Sources/capacitivepadsdriver.o
                0x1fff45f4                electrode_in
 .text.capacitivepad_init
                0x1fff4688       0x38 ./Sources/capacitivepads.o
                0x1fff4688                capacitivepad_init
 .text.capacitivepad_read
                0x1fff46c0       0x3c ./Sources/capacitivepads.o
                0x1fff46c0                capacitivepad_read
 .text.__ewl_assertion_failed
                0x1fff46fc       0x18 C:/Freescale/CW MCU v10.6/MCU/ARM_GCC_Support/ewl/lib/armv7e-m/fpu\libc.a(assert.o)
                0x1fff46fc                __ewl_assertion_failed
 .text.printf   0x1fff4714       0x2c C:/Freescale/CW MCU v10.6/MCU/ARM_GCC_Support/ewl/lib/armv7e-m/fpu\libc.a(printf.o)
                0x1fff4714                printf
 .text.sprintf  0x1fff4740       0x1c C:/Freescale/CW MCU v10.6/MCU/ARM_GCC_Support/ewl/lib/armv7e-m/fpu\libc.a(sprintf.o)
                0x1fff4740                sprintf
 .text.__StringWrite
                0x1fff475c       0x2a C:/Freescale/CW MCU v10.6/MCU/ARM_GCC_Support/ewl/lib/armv7e-m/fpu\libc.a(vsnprintf.o)
                0x1fff475c                __StringWrite
 *fill*         0x1fff4786        0x2 00
 .text.vsnprintf
                0x1fff4788       0x34 C:/Freescale/CW MCU v10.6/MCU/ARM_GCC_Support/ewl/lib/armv7e-m/fpu\libc.a(vsnprintf.o)
                0x1fff4788                vsnprintf
 .text.abort    0x1fff47bc       0x24 C:/Freescale/CW MCU v10.6/MCU/ARM_GCC_Support/ewl/lib/armv7e-m/fpu\libc.a(abort.o)
                0x1fff47bc                abort
 .text.sbrk     0x1fff47e0       0x28 C:/Freescale/CW MCU v10.6/MCU/ARM_GCC_Support/ewl/lib/armv7e-m/fpu\libc.a(alloc.o)
                0x1fff47e0                sbrk
 .text.malloc   0x1fff4808      0x104 C:/Freescale/CW MCU v10.6/MCU/ARM_GCC_Support/ewl/lib/armv7e-m/fpu\libc.a(alloc.o)
                0x1fff4808                malloc
 .text.strtol   0x1fff490c       0x68 C:/Freescale/CW MCU v10.6/MCU/ARM_GCC_Support/ewl/lib/armv7e-m/fpu\libc.a(atoi.o)
                0x1fff490c                strtol
 .text.exit     0x1fff4974       0x38 C:/Freescale/CW MCU v10.6/MCU/ARM_GCC_Support/ewl/lib/armv7e-m/fpu\libc.a(exit.o)
                0x1fff4974                exit
 .text.strtoul  0x1fff49ac       0x58 C:/Freescale/CW MCU v10.6/MCU/ARM_GCC_Support/ewl/lib/armv7e-m/fpu\libc.a(strtoul.o)
                0x1fff49ac                strtoul
 .text.memcpy   0x1fff4a04       0x12 C:/Freescale/CW MCU v10.6/MCU/ARM_GCC_Support/ewl/lib/armv7e-m/fpu\libc.a(memcpy.o)
                0x1fff4a04                memcpy
 .text.memmove  0x1fff4a16       0x30 C:/Freescale/CW MCU v10.6/MCU/ARM_GCC_Support/ewl/lib/armv7e-m/fpu\libc.a(memmove.o)
                0x1fff4a16                memmove
 .text.memset   0x1fff4a46        0xc C:/Freescale/CW MCU v10.6/MCU/ARM_GCC_Support/ewl/lib/armv7e-m/fpu\libc.a(memset.o)
                0x1fff4a46                memset
 .text.strstr   0x1fff4a52       0x32 C:/Freescale/CW MCU v10.6/MCU/ARM_GCC_Support/ewl/lib/armv7e-m/fpu\libc.a(strstr.o)
                0x1fff4a52                strstr
 .text.strtok   0x1fff4a84       0xa8 C:/Freescale/CW MCU v10.6/MCU/ARM_GCC_Support/ewl/lib/armv7e-m/fpu\libc.a(strtok.o)
                0x1fff4a84                strtok
 .text.long2str.isra.0
                0x1fff4b2c      0x196 C:/Freescale/CW MCU v10.6/MCU/ARM_GCC_Support/ewl/lib/armv7e-m/fpu\libc.a(printformat_.o)
 *fill*         0x1fff4cc2        0x2 00
 .text.__pformatter_
                0x1fff4cc4      0x3f8 C:/Freescale/CW MCU v10.6/MCU/ARM_GCC_Support/ewl/lib/armv7e-m/fpu\libc.a(printformat_.o)
                0x1fff4cc4                __pformatter_
 .text.__sformatter
                0x1fff50bc      0x6f4 C:/Freescale/CW MCU v10.6/MCU/ARM_GCC_Support/ewl/lib/armv7e-m/fpu\libc.a(scanformat_.o)
                0x1fff50bc                __sformatter
 .text.isalpha  0x1fff57b0       0x1c C:/Freescale/CW MCU v10.6/MCU/ARM_GCC_Support/ewl/lib/armv7e-m/fpu\libc.a(ctype_aeabi.o)
                0x1fff57b0                isalpha
 .text.isspace  0x1fff57cc       0x1c C:/Freescale/CW MCU v10.6/MCU/ARM_GCC_Support/ewl/lib/armv7e-m/fpu\libc.a(ctype_aeabi.o)
                0x1fff57cc                isspace
 .text.toupper  0x1fff57e8        0xc C:/Freescale/CW MCU v10.6/MCU/ARM_GCC_Support/ewl/lib/armv7e-m/fpu\libc.a(ctype_aeabi.o)
                0x1fff57e8                toupper
 .text.raise    0x1fff57f4       0x38 C:/Freescale/CW MCU v10.6/MCU/ARM_GCC_Support/ewl/lib/armv7e-m/fpu\libc.a(raise.o)
                0x1fff57f4                raise
 .text.__fwrite
                0x1fff582c      0x158 C:/Freescale/CW MCU v10.6/MCU/ARM_GCC_Support/ewl/lib/armv7e-m/fpu\libc.a(fwrite.o)
                0x1fff582c                __fwrite
 .text.__FileWrite
                0x1fff5984       0x1a C:/Freescale/CW MCU v10.6/MCU/ARM_GCC_Support/ewl/lib/armv7e-m/fpu\libc.a(fwrite.o)
                0x1fff5984                __FileWrite
 .text.__StringRead
                0x1fff599e       0x38 C:/Freescale/CW MCU v10.6/MCU/ARM_GCC_Support/ewl/lib/armv7e-m/fpu\libc.a(vsscanf.o)
                0x1fff599e                __StringRead
 *fill*         0x1fff59d6        0x2 00
 .text.__strtoul
                0x1fff59d8      0x214 C:/Freescale/CW MCU v10.6/MCU/ARM_GCC_Support/ewl/lib/armv7e-m/fpu\libc.a(__strtoul.o)
                0x1fff59d8                __strtoul
 .text.__fill_mem
                0x1fff5bec       0x76 C:/Freescale/CW MCU v10.6/MCU/ARM_GCC_Support/ewl/lib/armv7e-m/fpu\libc.a(__filll_mem.o)
                0x1fff5bec                __fill_mem
 .text.__memrchr
                0x1fff5c62       0x1c C:/Freescale/CW MCU v10.6/MCU/ARM_GCC_Support/ewl/lib/armv7e-m/fpu\libc.a(__memrchr.o)
                0x1fff5c62                __memrchr
 .text.memchr   0x1fff5c7e       0x18 C:/Freescale/CW MCU v10.6/MCU/ARM_GCC_Support/ewl/lib/armv7e-m/fpu\libc.a(memchr.o)
                0x1fff5c7e                memchr
 .text.strchr   0x1fff5c96       0x1a C:/Freescale/CW MCU v10.6/MCU/ARM_GCC_Support/ewl/lib/armv7e-m/fpu\libc.a(strchr.o)
                0x1fff5c96                strchr
 .text.strlen   0x1fff5cb0       0x10 C:/Freescale/CW MCU v10.6/MCU/ARM_GCC_Support/ewl/lib/armv7e-m/fpu\libc.a(strlen.o)
                0x1fff5cb0                strlen
 .text.__prep_buffer
                0x1fff5cc0       0x16 C:/Freescale/CW MCU v10.6/MCU/ARM_GCC_Support/ewl/lib/armv7e-m/fpu\libc.a(__buffer_io.o)
                0x1fff5cc0                __prep_buffer
 .text.__flush_buffer
                0x1fff5cd6       0x36 C:/Freescale/CW MCU v10.6/MCU/ARM_GCC_Support/ewl/lib/armv7e-m/fpu\libc.a(__buffer_io.o)
                0x1fff5cd6                __flush_buffer
 .text.__init_cpp
                0x1fff5d0c       0x4c C:/Freescale/CW MCU v10.6/MCU/ARM_GCC_Support/ewl/lib/armv7e-m/fpu\librt.a(gcc_ctor_dtor.o)
                0x1fff5d0c                __init_cpp
 .text.__fini_cpp
                0x1fff5d58       0x34 C:/Freescale/CW MCU v10.6/MCU/ARM_GCC_Support/ewl/lib/armv7e-m/fpu\librt.a(gcc_ctor_dtor.o)
                0x1fff5d58                __fini_cpp
 .text.__copy_rom_section
                0x1fff5d8c       0x44 C:/Freescale/CW MCU v10.6/MCU/ARM_GCC_Support/ewl/lib/armv7e-m/fpu\librt.a(ROMCopy.o)
                0x1fff5d8c                __copy_rom_section
 .text.__copy_rom_sections_to_ram
                0x1fff5dd0       0x30 C:/Freescale/CW MCU v10.6/MCU/ARM_GCC_Support/ewl/lib/armv7e-m/fpu\librt.a(ROMCopy.o)
                0x1fff5dd0                __copy_rom_sections_to_ram
 .text.__destroy_global_chain
                0x1fff5e00       0x18 C:/Freescale/CW MCU v10.6/MCU/ARM_GCC_Support/ewl/lib/armv7e-m/fpu\librt.a(__arm_eabi_init.o)
                0x1fff5e00                __destroy_global_chain
 .text.__init_registers
                0x1fff5e18       0x24 C:/Freescale/CW MCU v10.6/MCU/ARM_GCC_Support/ewl/lib/armv7e-m/fpu\librt.a(__arm_eabi_init.o)
                0x1fff5e18                __init_registers
 .text.__fp_init
                0x1fff5e3c       0x1c C:/Freescale/CW MCU v10.6/MCU/ARM_GCC_Support/ewl/lib/armv7e-m/fpu\librt.a(__arm_eabi_init.o)
                0x1fff5e3c                __fp_init
 .text.__init_user
                0x1fff5e58        0x4 C:/Freescale/CW MCU v10.6/MCU/ARM_GCC_Support/ewl/lib/armv7e-m/fpu\librt.a(__arm_eabi_init.o)
                0x1fff5e58                __init_user
 .text.sys_writec
                0x1fff5e5c        0xe C:/Freescale/CW MCU v10.6/MCU/ARM_GCC_Support/ewl/lib/armv7e-m/fpu\libhosted.a(semihosted_console_io.o)
                0x1fff5e5c                sys_writec
 .text.sys_readc
                0x1fff5e6a       0x10 C:/Freescale/CW MCU v10.6/MCU/ARM_GCC_Support/ewl/lib/armv7e-m/fpu\libhosted.a(semihosted_console_io.o)
                0x1fff5e6a                sys_readc
 *fill*         0x1fff5e7a        0x2 00
 .text.sys_exit
                0x1fff5e7c       0x20 C:/Freescale/CW MCU v10.6/MCU/ARM_GCC_Support/ewl/lib/armv7e-m/fpu\libhosted.a(semihosted_console_io.o)
                0x1fff5e7c                sys_exit
 .text.__read_console
                0x1fff5e9c       0x1a C:/Freescale/CW MCU v10.6/MCU/ARM_GCC_Support/ewl/lib/armv7e-m/fpu\libhosted.a(semihosted_console_io.o)
                0x1fff5e9c                __read_console
 .text.__write_console
                0x1fff5eb6       0x1a C:/Freescale/CW MCU v10.6/MCU/ARM_GCC_Support/ewl/lib/armv7e-m/fpu\libhosted.a(semihosted_console_io.o)
                0x1fff5eb6                __write_console
 .text.__close_console
                0x1fff5ed0        0x4 C:/Freescale/CW MCU v10.6/MCU/ARM_GCC_Support/ewl/lib/armv7e-m/fpu\libhosted.a(semihosted_console_io.o)
                0x1fff5ed0                __close_console
 .text.sys_open
                0x1fff5ed4        0xe C:/Freescale/CW MCU v10.6/MCU/ARM_GCC_Support/ewl/lib/armv7e-m/fpu\libhosted.a(semihosted_file_io.o)
                0x1fff5ed4                sys_open
 *fill*         0x1fff5ee2        0x2 00
 .text.__open_file
                0x1fff5ee4       0x68 C:/Freescale/CW MCU v10.6/MCU/ARM_GCC_Support/ewl/lib/armv7e-m/fpu\libhosted.a(semihosted_file_io.o)
                0x1fff5ee4                __open_file
 .text.open     0x1fff5f4c       0x7a C:/Freescale/CW MCU v10.6/MCU/ARM_GCC_Support/ewl/lib/armv7e-m/fpu\libhosted.a(semihosted_file_io.o)
                0x1fff5f4c                open
 .text.sys_write
                0x1fff5fc6        0xe C:/Freescale/CW MCU v10.6/MCU/ARM_GCC_Support/ewl/lib/armv7e-m/fpu\libhosted.a(semihosted_file_io.o)
                0x1fff5fc6                sys_write
 .text.__write_file
                0x1fff5fd4       0x1c C:/Freescale/CW MCU v10.6/MCU/ARM_GCC_Support/ewl/lib/armv7e-m/fpu\libhosted.a(semihosted_file_io.o)
                0x1fff5fd4                __write_file
 .text.sys_read
                0x1fff5ff0        0xe C:/Freescale/CW MCU v10.6/MCU/ARM_GCC_Support/ewl/lib/armv7e-m/fpu\libhosted.a(semihosted_file_io.o)
                0x1fff5ff0                sys_read
 .text.__read_file
                0x1fff5ffe       0x34 C:/Freescale/CW MCU v10.6/MCU/ARM_GCC_Support/ewl/lib/armv7e-m/fpu\libhosted.a(semihosted_file_io.o)
                0x1fff5ffe                __read_file
 *fill*         0x1fff6032        0x2 00
 .text.__init_semihost
                0x1fff6034       0x20 C:/Freescale/CW MCU v10.6/MCU/ARM_GCC_Support/ewl/lib/armv7e-m/fpu\libhosted.a(semihosted_file_io.o)
                0x1fff6034                __init_semihost
 *(.rodata)
 .rodata        0x1fff6054       0x10 ./Sources/stringutils.o
 .rodata        0x1fff6064      0x3f8 ./Sources/shell.o
 .rodata        0x1fff645c      0x108 ./Sources/mymalloc.o
 .rodata        0x1fff6564       0x3c ./Sources/map.o
 .rodata        0x1fff65a0      0x1a0 ./Sources/io.o
 .rodata        0x1fff6740       0x88 ./Sources/file.o
 .rodata        0x1fff67c8       0x20 ./Sources/common.o
 *(.rodata*)
 .rodata.LINE_MAX
                0x1fff67e8        0x4 ./Sources/shell.o
                0x1fff67e8                LINE_MAX
 .rodata.str1.1
                0x1fff67ec       0x28 C:/Freescale/CW MCU v10.6/MCU/ARM_GCC_Support/ewl/lib/armv7e-m/fpu\libc.a(assert.o)
 .rodata.str1.1
                0x00000000       0x28 C:/Freescale/CW MCU v10.6/MCU/ARM_GCC_Support/ewl/lib/armv7e-m/fpu\libc.a(strtok.o)
                                  0x1 (size before relaxing)
 .rodata.str1.1
                0x00000000        0x1 C:/Freescale/CW MCU v10.6/MCU/ARM_GCC_Support/ewl/lib/armv7e-m/fpu\libc.a(printformat_.o)
 .rodata.CSWTCH.20
                0x1fff6814        0x5 C:/Freescale/CW MCU v10.6/MCU/ARM_GCC_Support/ewl/lib/armv7e-m/fpu\libc.a(printformat_.o)
 .rodata.CSWTCH.21
                0x1fff6819        0x5 C:/Freescale/CW MCU v10.6/MCU/ARM_GCC_Support/ewl/lib/armv7e-m/fpu\libc.a(printformat_.o)
 .rodata.__aeabi_ctype_table_C
                0x1fff681e      0x101 C:/Freescale/CW MCU v10.6/MCU/ARM_GCC_Support/ewl/lib/armv7e-m/fpu\libc.a(ctype_aeabi.o)
                0x1fff681e                __aeabi_ctype_table_C
 .rodata.str1.1
                0x1fff691f        0x4 C:/Freescale/CW MCU v10.6/MCU/ARM_GCC_Support/ewl/lib/armv7e-m/fpu\libhosted.a(semihosted_file_io.o)
 .rodata.CSWTCH.26
                0x1fff6923        0x2 C:/Freescale/CW MCU v10.6/MCU/ARM_GCC_Support/ewl/lib/armv7e-m/fpu\libhosted.a(semihosted_file_io.o)
 .rodata.CSWTCH.28
                0x1fff6925        0x5 C:/Freescale/CW MCU v10.6/MCU/ARM_GCC_Support/ewl/lib/armv7e-m/fpu\libhosted.a(semihosted_file_io.o)
 *(.glue_7)
 .glue_7        0x00000000        0x0 linker stubs
 *(.glue_7t)
 .glue_7t       0x00000000        0x0 linker stubs
 *(.eh_frame)
 *(.init)
 *(.fini)
                0x1fff692c                . = ALIGN (0x4)
 *fill*         0x1fff692a        0x2 00
                0x1fff692c                _etext = .

.vfp11_veneer   0x1fff692c        0x0
 .vfp11_veneer  0x00000000        0x0 linker stubs

.v4_bx          0x1fff692c        0x0
 .v4_bx         0x00000000        0x0 linker stubs

.iplt           0x1fff692c        0x0
 .iplt          0x00000000        0x0 ./Project_Settings/Startup_Code/kinetis_sysinit.o

.rel.dyn        0x1fff692c        0x0
 .rel.iplt      0x00000000        0x0 ./Project_Settings/Startup_Code/kinetis_sysinit.o

.ARM.extab
 *(.ARM.extab* .gnu.linkonce.armextab.*)

.ARM            0x1fff692c        0x0
                0x1fff692c                __exidx_start = .
 *(.ARM.exidx*)
                0x1fff692c                __exidx_end = .

.ctors          0x1fff692c        0x0
                0x1fff692c                __CTOR_LIST__ = .
 *crtbegin.o(.ctors)
 *(EXCLUDE_FILE(*crtend.o) .ctors)
 *(SORT(.ctors.*))
 *(.ctors)
                0x1fff692c                __CTOR_END__ = .

.dtors          0x1fff692c        0x0
                0x1fff692c                __DTOR_LIST__ = .
 *crtbegin.o(.dtors)
 *(EXCLUDE_FILE(*crtend.o) .dtors)
 *(SORT(.dtors.*))
 *(.dtors)
                0x1fff692c                __DTOR_END__ = .

.preinit_array  0x1fff692c        0x0
                0x1fff692c                PROVIDE (__preinit_array_start, .)
 *(.preinit_array*)
                0x1fff692c                PROVIDE (__preinit_array_end, .)

.init_array     0x1fff692c        0x0
                0x1fff692c                PROVIDE (__init_array_start, .)
 *(SORT(.init_array.*))
 *(.init_array*)
                0x1fff692c                PROVIDE (__init_array_end, .)

.fini_array     0x1fff692c        0x0
                0x1fff692c                PROVIDE (__fini_array_start, .)
 *(SORT(.fini_array.*))
 *(.fini_array*)
                0x1fff692c                PROVIDE (__fini_array_end, .)

.data           0x20000000     0x510c
                0x20000000                . = ALIGN (0x4)
                0x20000000                _sdata = .
 *(.data)
 *(.data*)
 .data.uarts    0x20000000       0x10 ./Sources/uart.o
                0x20000000                uarts
 .data.thermistors
                0x20000010        0x8 ./Sources/thermistor.o
                0x20000010                thermistors
 .data.commands
                0x20000018       0x88 ./Sources/shell.o
                0x20000018                commands
 .data.pushbuttons
                0x200000a0       0x10 ./Sources/pushbutton.o
                0x200000a0                pushbuttons
 .data.profont  0x200000b0     0x4800 ./Sources/profont.o
                0x200000b0                profont
 .data.potentiometers
                0x200048b0        0x8 ./Sources/potentiometer.o
                0x200048b0                potentiometers
 .data.leds     0x200048b8       0x20 ./Sources/led.o
                0x200048b8                leds
 .data.lcdcs    0x200048d8        0x8 ./Sources/lcdc.o
                0x200048d8                lcdcs
 .data.file_properties
                0x200048e0       0xa8 ./Sources/io.o
 .data.devices  0x20004988      0x640 ./Sources/io.o
 .data.electrodeHW
                0x20004fc8       0x40 ./Sources/capacitivepadsdriver.o
                0x20004fc8                electrodeHW
 .data.capacitivepads
                0x20005008       0x30 ./Sources/capacitivepads.o
                0x20005008                capacitivepads
 .data.tail     0x20005038        0x4 C:/Freescale/CW MCU v10.6/MCU/ARM_GCC_Support/ewl/lib/armv7e-m/fpu\libc.a(alloc.o)
 .data.strtok_ds.4353
                0x2000503c        0x4 C:/Freescale/CW MCU v10.6/MCU/ARM_GCC_Support/ewl/lib/armv7e-m/fpu\libc.a(strtok.o)
 .data.__files  0x20005040       0xcc C:/Freescale/CW MCU v10.6/MCU/ARM_GCC_Support/ewl/lib/armv7e-m/fpu\libc.a(ansi_files.o)
                0x20005040                __files
                0x2000510c                . = ALIGN (0x4)
                0x2000510c                _edata = .

.igot.plt       0x2000510c        0x0
 .igot.plt      0x00000000        0x0 ./Project_Settings/Startup_Code/kinetis_sysinit.o
                0x2000510c                . = ALIGN (0x4)

.bss            0x2000510c     0x3008
                0x2000510c                __START_BSS = .
                0x2000510c                PROVIDE (__bss_start__, __START_BSS)
 *(.bss)
 *(.bss*)
 .bss.argv      0x2000510c        0x4 ./Project_Settings/Startup_Code/__arm_start.o
 .bss.inside_double_quote
                0x20005110        0x4 ./Sources/shell.o
 .bss.env       0x20005114        0x4 ./Sources/shell.o
 .bss.start     0x20005118        0x4 ./Sources/mymalloc.o
 .bss.memory_end
                0x2000511c        0x4 ./Sources/mymalloc.o
 .bss.console   0x20005120        0xc ./Sources/lcdcdriver.o
 .bss.fdtable   0x2000512c     0x1f40 ./Sources/io.o
 .bss.filesystem
                0x2000706c      0xfa0 ./Sources/file.o
 .bss.head      0x2000800c        0x4 C:/Freescale/CW MCU v10.6/MCU/ARM_GCC_Support/ewl/lib/armv7e-m/fpu\libc.a(alloc.o)
 .bss.heap_end.4347
                0x20008010        0x4 C:/Freescale/CW MCU v10.6/MCU/ARM_GCC_Support/ewl/lib/armv7e-m/fpu\libc.a(alloc.o)
 .bss.__stdio_exit
                0x20008014        0x4 C:/Freescale/CW MCU v10.6/MCU/ARM_GCC_Support/ewl/lib/armv7e-m/fpu\libc.a(exit.o)
                0x20008014                __stdio_exit
 .bss.__console_exit
                0x20008018        0x4 C:/Freescale/CW MCU v10.6/MCU/ARM_GCC_Support/ewl/lib/armv7e-m/fpu\libc.a(exit.o)
                0x20008018                __console_exit
 .bss.__S_romp  0x2000801c        0xc C:/Freescale/CW MCU v10.6/MCU/ARM_GCC_Support/ewl/lib/armv7e-m/fpu\librt.a(ROMCopy.o)
 .bss.__global_destructor_chain
                0x20008028        0x4 C:/Freescale/CW MCU v10.6/MCU/ARM_GCC_Support/ewl/lib/armv7e-m/fpu\librt.a(__arm_eabi_init.o)
                0x20008028                __global_destructor_chain
 *(COMMON)
 COMMON         0x2000802c        0x8 ./Sources/common.o
                0x2000802c                mystdout
                0x20008030                mystdin
 COMMON         0x20008034        0x4 C:/Freescale/CW MCU v10.6/MCU/ARM_GCC_Support/ewl/lib/armv7e-m/fpu\libc.a(errno.o)
                0x20008034                errno
 COMMON         0x20008038       0x1c C:/Freescale/CW MCU v10.6/MCU/ARM_GCC_Support/ewl/lib/armv7e-m/fpu\libc.a(signal.o)
                0x20008038                signal_funcs
 COMMON         0x20008054       0xc0 C:/Freescale/CW MCU v10.6/MCU/ARM_GCC_Support/ewl/lib/armv7e-m/fpu\libc.a(ansi_files.o)
                0x20008054                stdout_buff
                0x20008094                stdin_buff
                0x200080d4                stderr_buff
                0x20008114                . = ALIGN (0x4)
                0x20008114                __END_BSS = .
                0x20008114                PROVIDE (__bss_end__, __END_BSS)

._user_heap_stack
                0x20008114     0x1000
                0x20008114                . = ALIGN (0x4)
                0x20008114                PROVIDE (end, .)
                0x20008114                PROVIDE (_end, .)
                0x20008114                __heap_addr = .
                0x20008914                . = (. + __heap_size)
 *fill*         0x20008114      0x800 00
                0x20009114                . = (. + __stack_size)
 *fill*         0x20008914      0x800 00
                0x20009114                . = ALIGN (0x4)
                0x00000000                __S_romp = 0x0

.ARM.attributes
                0x00000000       0x3b
 *(.ARM.attributes)
 .ARM.attributes
                0x00000000       0x3b ./Project_Settings/Startup_Code/kinetis_sysinit.o
 .ARM.attributes
                0x0000003b       0x3b ./Project_Settings/Startup_Code/__arm_start.o
 .ARM.attributes
                0x00000076       0x3b ./Project_Settings/Startup_Code/__arm_end.o
 .ARM.attributes
                0x000000b1       0x3b ./Sources/uartdriver.o
 .ARM.attributes
                0x000000ec       0x3b ./Sources/uart.o
 .ARM.attributes
                0x00000127       0x3b ./Sources/thermistordriver.o
 .ARM.attributes
                0x00000162       0x3b ./Sources/thermistor.o
 .ARM.attributes
                0x0000019d       0x3b ./Sources/svc.o
 .ARM.attributes
                0x000001d8       0x3b ./Sources/stringutils.o
 .ARM.attributes
                0x00000213       0x3b ./Sources/shell.o
 .ARM.attributes
                0x0000024e       0x3b ./Sources/sdram.o
 .ARM.attributes
                0x00000289       0x3b ./Sources/pushbuttondriver.o
 .ARM.attributes
                0x000002c4       0x3b ./Sources/pushbutton.o
 .ARM.attributes
                0x000002ff       0x3b ./Sources/profont.o
 .ARM.attributes
                0x0000033a       0x3b ./Sources/potentiometerdriver.o
 .ARM.attributes
                0x00000375       0x3b ./Sources/potentiometer.o
 .ARM.attributes
                0x000003b0       0x3b ./Sources/mymalloc.o
 .ARM.attributes
                0x000003eb       0x3b ./Sources/mcg.o
 .ARM.attributes
                0x00000426       0x3b ./Sources/map.o
 .ARM.attributes
                0x00000461       0x3b ./Sources/leddriver.o
 .ARM.attributes
                0x0000049c       0x3b ./Sources/led.o
 .ARM.attributes
                0x000004d7       0x3b ./Sources/lcdcdriver.o
 .ARM.attributes
                0x00000512       0x3b ./Sources/lcdcConsole.o
 .ARM.attributes
                0x0000054d       0x3b ./Sources/lcdc.o
 .ARM.attributes
                0x00000588       0x3b ./Sources/io.o
 .ARM.attributes
                0x000005c3       0x3b ./Sources/file.o
 .ARM.attributes
                0x000005fe       0x3b ./Sources/common.o
 .ARM.attributes
                0x00000639       0x3b ./Sources/capacitivepadsdriver.o
 .ARM.attributes
                0x00000674       0x3b ./Sources/capacitivepads.o
 .ARM.attributes
                0x000006af       0x3b C:/Freescale/CW MCU v10.6/MCU/ARM_GCC_Support/ewl/lib/armv7e-m/fpu\libc.a(assert.o)
 .ARM.attributes
                0x000006ea       0x3b C:/Freescale/CW MCU v10.6/MCU/ARM_GCC_Support/ewl/lib/armv7e-m/fpu\libc.a(errno.o)
 .ARM.attributes
                0x00000725       0x3b C:/Freescale/CW MCU v10.6/MCU/ARM_GCC_Support/ewl/lib/armv7e-m/fpu\libc.a(printf.o)
 .ARM.attributes
                0x00000760       0x3b C:/Freescale/CW MCU v10.6/MCU/ARM_GCC_Support/ewl/lib/armv7e-m/fpu\libc.a(sprintf.o)
 .ARM.attributes
                0x0000079b       0x3b C:/Freescale/CW MCU v10.6/MCU/ARM_GCC_Support/ewl/lib/armv7e-m/fpu\libc.a(vsnprintf.o)
 .ARM.attributes
                0x000007d6       0x3b C:/Freescale/CW MCU v10.6/MCU/ARM_GCC_Support/ewl/lib/armv7e-m/fpu\libc.a(abort.o)
 .ARM.attributes
                0x00000811       0x3b C:/Freescale/CW MCU v10.6/MCU/ARM_GCC_Support/ewl/lib/armv7e-m/fpu\libc.a(alloc.o)
 .ARM.attributes
                0x0000084c       0x3b C:/Freescale/CW MCU v10.6/MCU/ARM_GCC_Support/ewl/lib/armv7e-m/fpu\libc.a(atoi.o)
 .ARM.attributes
                0x00000887       0x3b C:/Freescale/CW MCU v10.6/MCU/ARM_GCC_Support/ewl/lib/armv7e-m/fpu\libc.a(exit.o)
 .ARM.attributes
                0x000008c2       0x3b C:/Freescale/CW MCU v10.6/MCU/ARM_GCC_Support/ewl/lib/armv7e-m/fpu\libc.a(strtoul.o)
 .ARM.attributes
                0x000008fd       0x3b C:/Freescale/CW MCU v10.6/MCU/ARM_GCC_Support/ewl/lib/armv7e-m/fpu\libc.a(memcpy.o)
 .ARM.attributes
                0x00000938       0x3b C:/Freescale/CW MCU v10.6/MCU/ARM_GCC_Support/ewl/lib/armv7e-m/fpu\libc.a(memmove.o)
 .ARM.attributes
                0x00000973       0x3b C:/Freescale/CW MCU v10.6/MCU/ARM_GCC_Support/ewl/lib/armv7e-m/fpu\libc.a(memset.o)
 .ARM.attributes
                0x000009ae       0x3b C:/Freescale/CW MCU v10.6/MCU/ARM_GCC_Support/ewl/lib/armv7e-m/fpu\libc.a(strstr.o)
 .ARM.attributes
                0x000009e9       0x3b C:/Freescale/CW MCU v10.6/MCU/ARM_GCC_Support/ewl/lib/armv7e-m/fpu\libc.a(strtok.o)
 .ARM.attributes
                0x00000a24       0x3b C:/Freescale/CW MCU v10.6/MCU/ARM_GCC_Support/ewl/lib/armv7e-m/fpu\libc.a(printformat_.o)
 .ARM.attributes
                0x00000a5f       0x3b C:/Freescale/CW MCU v10.6/MCU/ARM_GCC_Support/ewl/lib/armv7e-m/fpu\libc.a(scanformat_.o)
 .ARM.attributes
                0x00000a9a       0x3b C:/Freescale/CW MCU v10.6/MCU/ARM_GCC_Support/ewl/lib/armv7e-m/fpu\libc.a(ctype_aeabi.o)
 .ARM.attributes
                0x00000ad5       0x3b C:/Freescale/CW MCU v10.6/MCU/ARM_GCC_Support/ewl/lib/armv7e-m/fpu\libc.a(raise.o)
 .ARM.attributes
                0x00000b10       0x3b C:/Freescale/CW MCU v10.6/MCU/ARM_GCC_Support/ewl/lib/armv7e-m/fpu\libc.a(signal.o)
 .ARM.attributes
                0x00000b4b       0x3b C:/Freescale/CW MCU v10.6/MCU/ARM_GCC_Support/ewl/lib/armv7e-m/fpu\libc.a(ansi_files.o)
 .ARM.attributes
                0x00000b86       0x3b C:/Freescale/CW MCU v10.6/MCU/ARM_GCC_Support/ewl/lib/armv7e-m/fpu\libc.a(fwrite.o)
 .ARM.attributes
                0x00000bc1       0x3b C:/Freescale/CW MCU v10.6/MCU/ARM_GCC_Support/ewl/lib/armv7e-m/fpu\libc.a(vsscanf.o)
 .ARM.attributes
                0x00000bfc       0x3b C:/Freescale/CW MCU v10.6/MCU/ARM_GCC_Support/ewl/lib/armv7e-m/fpu\libc.a(__strtoul.o)
 .ARM.attributes
                0x00000c37       0x3b C:/Freescale/CW MCU v10.6/MCU/ARM_GCC_Support/ewl/lib/armv7e-m/fpu\libc.a(__filll_mem.o)
 .ARM.attributes
                0x00000c72       0x3b C:/Freescale/CW MCU v10.6/MCU/ARM_GCC_Support/ewl/lib/armv7e-m/fpu\libc.a(__memrchr.o)
 .ARM.attributes
                0x00000cad       0x3b C:/Freescale/CW MCU v10.6/MCU/ARM_GCC_Support/ewl/lib/armv7e-m/fpu\libc.a(memchr.o)
 .ARM.attributes
                0x00000ce8       0x3b C:/Freescale/CW MCU v10.6/MCU/ARM_GCC_Support/ewl/lib/armv7e-m/fpu\libc.a(strchr.o)
 .ARM.attributes
                0x00000d23       0x3b C:/Freescale/CW MCU v10.6/MCU/ARM_GCC_Support/ewl/lib/armv7e-m/fpu\libc.a(strlen.o)
 .ARM.attributes
                0x00000d5e       0x3b C:/Freescale/CW MCU v10.6/MCU/ARM_GCC_Support/ewl/lib/armv7e-m/fpu\libc.a(__buffer_io.o)
 .ARM.attributes
                0x00000d99       0x3b C:/Freescale/CW MCU v10.6/MCU/ARM_GCC_Support/ewl/lib/armv7e-m/fpu\librt.a(gcc_ctor_dtor.o)
 .ARM.attributes
                0x00000dd4       0x3b C:/Freescale/CW MCU v10.6/MCU/ARM_GCC_Support/ewl/lib/armv7e-m/fpu\librt.a(ROMCopy.o)
 .ARM.attributes
                0x00000e0f       0x3b C:/Freescale/CW MCU v10.6/MCU/ARM_GCC_Support/ewl/lib/armv7e-m/fpu\librt.a(__arm_eabi_init.o)
 .ARM.attributes
                0x00000e4a       0x3b C:/Freescale/CW MCU v10.6/MCU/ARM_GCC_Support/ewl/lib/armv7e-m/fpu\libhosted.a(semihosted_console_io.o)
 .ARM.attributes
                0x00000e85       0x3b C:/Freescale/CW MCU v10.6/MCU/ARM_GCC_Support/ewl/lib/armv7e-m/fpu\libhosted.a(semihosted_file_io.o)
OUTPUT(first.elf elf32-littlearm)

.debug_info     0x00000000     0xca98
 .debug_info    0x00000000      0x387 ./Project_Settings/Startup_Code/kinetis_sysinit.o
 .debug_info    0x00000387      0x12a ./Project_Settings/Startup_Code/__arm_start.o
 .debug_info    0x000004b1       0x54 ./Project_Settings/Startup_Code/__arm_end.o
 .debug_info    0x00000505      0x8d9 ./Sources/uartdriver.o
 .debug_info    0x00000dde      0x221 ./Sources/uart.o
 .debug_info    0x00000fff      0x494 ./Sources/thermistordriver.o
 .debug_info    0x00001493      0x164 ./Sources/thermistor.o
 .debug_info    0x000015f7      0x7b9 ./Sources/svc.o
 .debug_info    0x00001db0      0x2ee ./Sources/stringutils.o
 .debug_info    0x0000209e      0xfc0 ./Sources/shell.o
 .debug_info    0x0000305e      0x80f ./Sources/sdram.o
 .debug_info    0x0000386d      0x4ad ./Sources/pushbuttondriver.o
 .debug_info    0x00003d1a      0x16c ./Sources/pushbutton.o
 .debug_info    0x00003e86       0xa1 ./Sources/profont.o
 .debug_info    0x00003f27      0x494 ./Sources/potentiometerdriver.o
 .debug_info    0x000043bb      0x164 ./Sources/potentiometer.o
 .debug_info    0x0000451f      0x447 ./Sources/mymalloc.o
 .debug_info    0x00004966      0x3fd ./Sources/mcg.o
 .debug_info    0x00004d63      0x2f0 ./Sources/map.o
 .debug_info    0x00005053      0x5c2 ./Sources/leddriver.o
 .debug_info    0x00005615      0x172 ./Sources/led.o
 .debug_info    0x00005787      0x796 ./Sources/lcdcdriver.o
 .debug_info    0x00005f1d      0x20d ./Sources/lcdcConsole.o
 .debug_info    0x0000612a      0x16b ./Sources/lcdc.o
 .debug_info    0x00006295      0x69e ./Sources/io.o
 .debug_info    0x00006933      0x54f ./Sources/file.o
 .debug_info    0x00006e82      0x120 ./Sources/common.o
 .debug_info    0x00006fa2      0x5b9 ./Sources/capacitivepadsdriver.o
 .debug_info    0x0000755b      0x1ac ./Sources/capacitivepads.o
 .debug_info    0x00007707       0xfe C:/Freescale/CW MCU v10.6/MCU/ARM_GCC_Support/ewl/lib/armv7e-m/fpu\libc.a(assert.o)
 .debug_info    0x00007805       0x9d C:/Freescale/CW MCU v10.6/MCU/ARM_GCC_Support/ewl/lib/armv7e-m/fpu\libc.a(errno.o)
 .debug_info    0x000078a2      0x399 C:/Freescale/CW MCU v10.6/MCU/ARM_GCC_Support/ewl/lib/armv7e-m/fpu\libc.a(printf.o)
 .debug_info    0x00007c3b      0x11e C:/Freescale/CW MCU v10.6/MCU/ARM_GCC_Support/ewl/lib/armv7e-m/fpu\libc.a(sprintf.o)
 .debug_info    0x00007d59      0x205 C:/Freescale/CW MCU v10.6/MCU/ARM_GCC_Support/ewl/lib/armv7e-m/fpu\libc.a(vsnprintf.o)
 .debug_info    0x00007f5e       0xb2 C:/Freescale/CW MCU v10.6/MCU/ARM_GCC_Support/ewl/lib/armv7e-m/fpu\libc.a(abort.o)
 .debug_info    0x00008010      0x33e C:/Freescale/CW MCU v10.6/MCU/ARM_GCC_Support/ewl/lib/armv7e-m/fpu\libc.a(alloc.o)
 .debug_info    0x0000834e      0x223 C:/Freescale/CW MCU v10.6/MCU/ARM_GCC_Support/ewl/lib/armv7e-m/fpu\libc.a(atoi.o)
 .debug_info    0x00008571       0xe8 C:/Freescale/CW MCU v10.6/MCU/ARM_GCC_Support/ewl/lib/armv7e-m/fpu\libc.a(exit.o)
 .debug_info    0x00008659      0x1b0 C:/Freescale/CW MCU v10.6/MCU/ARM_GCC_Support/ewl/lib/armv7e-m/fpu\libc.a(strtoul.o)
 .debug_info    0x00008809      0x10f C:/Freescale/CW MCU v10.6/MCU/ARM_GCC_Support/ewl/lib/armv7e-m/fpu\libc.a(memcpy.o)
 .debug_info    0x00008918      0x132 C:/Freescale/CW MCU v10.6/MCU/ARM_GCC_Support/ewl/lib/armv7e-m/fpu\libc.a(memmove.o)
 .debug_info    0x00008a4a       0xec C:/Freescale/CW MCU v10.6/MCU/ARM_GCC_Support/ewl/lib/armv7e-m/fpu\libc.a(memset.o)
 .debug_info    0x00008b36      0x15e C:/Freescale/CW MCU v10.6/MCU/ARM_GCC_Support/ewl/lib/armv7e-m/fpu\libc.a(strstr.o)
 .debug_info    0x00008c94      0x160 C:/Freescale/CW MCU v10.6/MCU/ARM_GCC_Support/ewl/lib/armv7e-m/fpu\libc.a(strtok.o)
 .debug_info    0x00008df4      0x50e C:/Freescale/CW MCU v10.6/MCU/ARM_GCC_Support/ewl/lib/armv7e-m/fpu\libc.a(printformat_.o)
 .debug_info    0x00009302      0x565 C:/Freescale/CW MCU v10.6/MCU/ARM_GCC_Support/ewl/lib/armv7e-m/fpu\libc.a(scanformat_.o)
 .debug_info    0x00009867      0x306 C:/Freescale/CW MCU v10.6/MCU/ARM_GCC_Support/ewl/lib/armv7e-m/fpu\libc.a(ctype_aeabi.o)
 .debug_info    0x00009b6d      0x108 C:/Freescale/CW MCU v10.6/MCU/ARM_GCC_Support/ewl/lib/armv7e-m/fpu\libc.a(raise.o)
 .debug_info    0x00009c75      0x126 C:/Freescale/CW MCU v10.6/MCU/ARM_GCC_Support/ewl/lib/armv7e-m/fpu\libc.a(signal.o)
 .debug_info    0x00009d9b      0x4c6 C:/Freescale/CW MCU v10.6/MCU/ARM_GCC_Support/ewl/lib/armv7e-m/fpu\libc.a(ansi_files.o)
 .debug_info    0x0000a261      0x60a C:/Freescale/CW MCU v10.6/MCU/ARM_GCC_Support/ewl/lib/armv7e-m/fpu\libc.a(fwrite.o)
 .debug_info    0x0000a86b      0x252 C:/Freescale/CW MCU v10.6/MCU/ARM_GCC_Support/ewl/lib/armv7e-m/fpu\libc.a(vsscanf.o)
 .debug_info    0x0000aabd      0x1d6 C:/Freescale/CW MCU v10.6/MCU/ARM_GCC_Support/ewl/lib/armv7e-m/fpu\libc.a(__strtoul.o)
 .debug_info    0x0000ac93      0x135 C:/Freescale/CW MCU v10.6/MCU/ARM_GCC_Support/ewl/lib/armv7e-m/fpu\libc.a(__filll_mem.o)
 .debug_info    0x0000adc8      0x116 C:/Freescale/CW MCU v10.6/MCU/ARM_GCC_Support/ewl/lib/armv7e-m/fpu\libc.a(__memrchr.o)
 .debug_info    0x0000aede      0x120 C:/Freescale/CW MCU v10.6/MCU/ARM_GCC_Support/ewl/lib/armv7e-m/fpu\libc.a(memchr.o)
 .debug_info    0x0000affe      0x108 C:/Freescale/CW MCU v10.6/MCU/ARM_GCC_Support/ewl/lib/armv7e-m/fpu\libc.a(strchr.o)
 .debug_info    0x0000b106       0xeb C:/Freescale/CW MCU v10.6/MCU/ARM_GCC_Support/ewl/lib/armv7e-m/fpu\libc.a(strlen.o)
 .debug_info    0x0000b1f1      0x45d C:/Freescale/CW MCU v10.6/MCU/ARM_GCC_Support/ewl/lib/armv7e-m/fpu\libc.a(__buffer_io.o)
 .debug_info    0x0000b64e      0x136 C:/Freescale/CW MCU v10.6/MCU/ARM_GCC_Support/ewl/lib/armv7e-m/fpu\librt.a(gcc_ctor_dtor.o)
 .debug_info    0x0000b784      0x19a C:/Freescale/CW MCU v10.6/MCU/ARM_GCC_Support/ewl/lib/armv7e-m/fpu\librt.a(ROMCopy.o)
 .debug_info    0x0000b91e      0x2de C:/Freescale/CW MCU v10.6/MCU/ARM_GCC_Support/ewl/lib/armv7e-m/fpu\librt.a(__arm_eabi_init.o)
 .debug_info    0x0000bbfc      0x232 C:/Freescale/CW MCU v10.6/MCU/ARM_GCC_Support/ewl/lib/armv7e-m/fpu\libhosted.a(semihosted_console_io.o)
 .debug_info    0x0000be2e      0xc6a C:/Freescale/CW MCU v10.6/MCU/ARM_GCC_Support/ewl/lib/armv7e-m/fpu\libhosted.a(semihosted_file_io.o)

.debug_abbrev   0x00000000     0x3cdd
 .debug_abbrev  0x00000000       0xf6 ./Project_Settings/Startup_Code/kinetis_sysinit.o
 .debug_abbrev  0x000000f6       0x92 ./Project_Settings/Startup_Code/__arm_start.o
 .debug_abbrev  0x00000188       0x4c ./Project_Settings/Startup_Code/__arm_end.o
 .debug_abbrev  0x000001d4      0x16b ./Sources/uartdriver.o
 .debug_abbrev  0x0000033f       0xfc ./Sources/uart.o
 .debug_abbrev  0x0000043b       0xd3 ./Sources/thermistordriver.o
 .debug_abbrev  0x0000050e       0xd2 ./Sources/thermistor.o
 .debug_abbrev  0x000005e0      0x1dc ./Sources/svc.o
 .debug_abbrev  0x000007bc       0xc2 ./Sources/stringutils.o
 .debug_abbrev  0x0000087e      0x1e7 ./Sources/shell.o
 .debug_abbrev  0x00000a65       0xbe ./Sources/sdram.o
 .debug_abbrev  0x00000b23       0xfd ./Sources/pushbuttondriver.o
 .debug_abbrev  0x00000c20       0xcd ./Sources/pushbutton.o
 .debug_abbrev  0x00000ced       0x58 ./Sources/profont.o
 .debug_abbrev  0x00000d45       0xd3 ./Sources/potentiometerdriver.o
 .debug_abbrev  0x00000e18       0xd2 ./Sources/potentiometer.o
 .debug_abbrev  0x00000eea      0x143 ./Sources/mymalloc.o
 .debug_abbrev  0x0000102d       0xbe ./Sources/mcg.o
 .debug_abbrev  0x000010eb      0x138 ./Sources/map.o
 .debug_abbrev  0x00001223      0x10c ./Sources/leddriver.o
 .debug_abbrev  0x0000132f       0xe3 ./Sources/led.o
 .debug_abbrev  0x00001412      0x166 ./Sources/lcdcdriver.o
 .debug_abbrev  0x00001578       0xe1 ./Sources/lcdcConsole.o
 .debug_abbrev  0x00001659       0xe5 ./Sources/lcdc.o
 .debug_abbrev  0x0000173e      0x148 ./Sources/io.o
 .debug_abbrev  0x00001886      0x144 ./Sources/file.o
 .debug_abbrev  0x000019ca       0xa8 ./Sources/common.o
 .debug_abbrev  0x00001a72      0x161 ./Sources/capacitivepadsdriver.o
 .debug_abbrev  0x00001bd3       0xed ./Sources/capacitivepads.o
 .debug_abbrev  0x00001cc0       0x69 C:/Freescale/CW MCU v10.6/MCU/ARM_GCC_Support/ewl/lib/armv7e-m/fpu\libc.a(assert.o)
 .debug_abbrev  0x00001d29       0x44 C:/Freescale/CW MCU v10.6/MCU/ARM_GCC_Support/ewl/lib/armv7e-m/fpu\libc.a(errno.o)
 .debug_abbrev  0x00001d6d      0x107 C:/Freescale/CW MCU v10.6/MCU/ARM_GCC_Support/ewl/lib/armv7e-m/fpu\libc.a(printf.o)
 .debug_abbrev  0x00001e74       0xb1 C:/Freescale/CW MCU v10.6/MCU/ARM_GCC_Support/ewl/lib/armv7e-m/fpu\libc.a(sprintf.o)
 .debug_abbrev  0x00001f25       0xf0 C:/Freescale/CW MCU v10.6/MCU/ARM_GCC_Support/ewl/lib/armv7e-m/fpu\libc.a(vsnprintf.o)
 .debug_abbrev  0x00002015       0x5c C:/Freescale/CW MCU v10.6/MCU/ARM_GCC_Support/ewl/lib/armv7e-m/fpu\libc.a(abort.o)
 .debug_abbrev  0x00002071      0x18f C:/Freescale/CW MCU v10.6/MCU/ARM_GCC_Support/ewl/lib/armv7e-m/fpu\libc.a(alloc.o)
 .debug_abbrev  0x00002200       0xfa C:/Freescale/CW MCU v10.6/MCU/ARM_GCC_Support/ewl/lib/armv7e-m/fpu\libc.a(atoi.o)
 .debug_abbrev  0x000022fa       0x7a C:/Freescale/CW MCU v10.6/MCU/ARM_GCC_Support/ewl/lib/armv7e-m/fpu\libc.a(exit.o)
 .debug_abbrev  0x00002374       0xd4 C:/Freescale/CW MCU v10.6/MCU/ARM_GCC_Support/ewl/lib/armv7e-m/fpu\libc.a(strtoul.o)
 .debug_abbrev  0x00002448       0x95 C:/Freescale/CW MCU v10.6/MCU/ARM_GCC_Support/ewl/lib/armv7e-m/fpu\libc.a(memcpy.o)
 .debug_abbrev  0x000024dd       0xa2 C:/Freescale/CW MCU v10.6/MCU/ARM_GCC_Support/ewl/lib/armv7e-m/fpu\libc.a(memmove.o)
 .debug_abbrev  0x0000257f       0x62 C:/Freescale/CW MCU v10.6/MCU/ARM_GCC_Support/ewl/lib/armv7e-m/fpu\libc.a(memset.o)
 .debug_abbrev  0x000025e1       0xa1 C:/Freescale/CW MCU v10.6/MCU/ARM_GCC_Support/ewl/lib/armv7e-m/fpu\libc.a(strstr.o)
 .debug_abbrev  0x00002682       0xb7 C:/Freescale/CW MCU v10.6/MCU/ARM_GCC_Support/ewl/lib/armv7e-m/fpu\libc.a(strtok.o)
 .debug_abbrev  0x00002739      0x200 C:/Freescale/CW MCU v10.6/MCU/ARM_GCC_Support/ewl/lib/armv7e-m/fpu\libc.a(printformat_.o)
 .debug_abbrev  0x00002939      0x1f0 C:/Freescale/CW MCU v10.6/MCU/ARM_GCC_Support/ewl/lib/armv7e-m/fpu\libc.a(scanformat_.o)
 .debug_abbrev  0x00002b29       0x85 C:/Freescale/CW MCU v10.6/MCU/ARM_GCC_Support/ewl/lib/armv7e-m/fpu\libc.a(ctype_aeabi.o)
 .debug_abbrev  0x00002bae       0xa6 C:/Freescale/CW MCU v10.6/MCU/ARM_GCC_Support/ewl/lib/armv7e-m/fpu\libc.a(raise.o)
 .debug_abbrev  0x00002c54       0xc6 C:/Freescale/CW MCU v10.6/MCU/ARM_GCC_Support/ewl/lib/armv7e-m/fpu\libc.a(signal.o)
 .debug_abbrev  0x00002d1a       0xfa C:/Freescale/CW MCU v10.6/MCU/ARM_GCC_Support/ewl/lib/armv7e-m/fpu\libc.a(ansi_files.o)
 .debug_abbrev  0x00002e14      0x15b C:/Freescale/CW MCU v10.6/MCU/ARM_GCC_Support/ewl/lib/armv7e-m/fpu\libc.a(fwrite.o)
 .debug_abbrev  0x00002f6f      0x15f C:/Freescale/CW MCU v10.6/MCU/ARM_GCC_Support/ewl/lib/armv7e-m/fpu\libc.a(vsscanf.o)
 .debug_abbrev  0x000030ce       0xc2 C:/Freescale/CW MCU v10.6/MCU/ARM_GCC_Support/ewl/lib/armv7e-m/fpu\libc.a(__strtoul.o)
 .debug_abbrev  0x00003190       0x87 C:/Freescale/CW MCU v10.6/MCU/ARM_GCC_Support/ewl/lib/armv7e-m/fpu\libc.a(__filll_mem.o)
 .debug_abbrev  0x00003217       0x95 C:/Freescale/CW MCU v10.6/MCU/ARM_GCC_Support/ewl/lib/armv7e-m/fpu\libc.a(__memrchr.o)
 .debug_abbrev  0x000032ac       0x95 C:/Freescale/CW MCU v10.6/MCU/ARM_GCC_Support/ewl/lib/armv7e-m/fpu\libc.a(memchr.o)
 .debug_abbrev  0x00003341       0x89 C:/Freescale/CW MCU v10.6/MCU/ARM_GCC_Support/ewl/lib/armv7e-m/fpu\libc.a(strchr.o)
 .debug_abbrev  0x000033ca       0x7a C:/Freescale/CW MCU v10.6/MCU/ARM_GCC_Support/ewl/lib/armv7e-m/fpu\libc.a(strlen.o)
 .debug_abbrev  0x00003444      0x142 C:/Freescale/CW MCU v10.6/MCU/ARM_GCC_Support/ewl/lib/armv7e-m/fpu\libc.a(__buffer_io.o)
 .debug_abbrev  0x00003586       0x99 C:/Freescale/CW MCU v10.6/MCU/ARM_GCC_Support/ewl/lib/armv7e-m/fpu\librt.a(gcc_ctor_dtor.o)
 .debug_abbrev  0x0000361f      0x137 C:/Freescale/CW MCU v10.6/MCU/ARM_GCC_Support/ewl/lib/armv7e-m/fpu\librt.a(ROMCopy.o)
 .debug_abbrev  0x00003756      0x1db C:/Freescale/CW MCU v10.6/MCU/ARM_GCC_Support/ewl/lib/armv7e-m/fpu\librt.a(__arm_eabi_init.o)
 .debug_abbrev  0x00003931      0x137 C:/Freescale/CW MCU v10.6/MCU/ARM_GCC_Support/ewl/lib/armv7e-m/fpu\libhosted.a(semihosted_console_io.o)
 .debug_abbrev  0x00003a68      0x275 C:/Freescale/CW MCU v10.6/MCU/ARM_GCC_Support/ewl/lib/armv7e-m/fpu\libhosted.a(semihosted_file_io.o)

.debug_loc      0x00000000     0x5eac
 .debug_loc     0x00000000       0x58 ./Project_Settings/Startup_Code/kinetis_sysinit.o
 .debug_loc     0x00000058       0x2c ./Project_Settings/Startup_Code/__arm_start.o
 .debug_loc     0x00000084       0x38 ./Project_Settings/Startup_Code/__arm_end.o
 .debug_loc     0x000000bc      0x224 ./Sources/uartdriver.o
 .debug_loc     0x000002e0       0xe0 ./Sources/uart.o
 .debug_loc     0x000003c0       0x58 ./Sources/thermistordriver.o
 .debug_loc     0x00000418       0x70 ./Sources/thermistor.o
 .debug_loc     0x00000488       0x70 ./Sources/svc.o
 .debug_loc     0x000004f8      0x1f8 ./Sources/stringutils.o
 .debug_loc     0x000006f0      0x892 ./Sources/shell.o
 .debug_loc     0x00000f82       0x2c ./Sources/sdram.o
 .debug_loc     0x00000fae      0x120 ./Sources/pushbuttondriver.o
 .debug_loc     0x000010ce       0x70 ./Sources/pushbutton.o
 .debug_loc     0x0000113e       0x58 ./Sources/potentiometerdriver.o
 .debug_loc     0x00001196       0x70 ./Sources/potentiometer.o
 .debug_loc     0x00001206      0x3d8 ./Sources/mymalloc.o
 .debug_loc     0x000015de       0x2c ./Sources/mcg.o
 .debug_loc     0x0000160a      0x18a ./Sources/map.o
 .debug_loc     0x00001794      0x348 ./Sources/leddriver.o
 .debug_loc     0x00001adc       0x70 ./Sources/led.o
 .debug_loc     0x00001b4c       0xf4 ./Sources/lcdcdriver.o
 .debug_loc     0x00001c40       0xe0 ./Sources/lcdcConsole.o
 .debug_loc     0x00001d20       0x70 ./Sources/lcdc.o
 .debug_loc     0x00001d90      0x3b8 ./Sources/io.o
 .debug_loc     0x00002148      0x312 ./Sources/file.o
 .debug_loc     0x0000245a       0x72 ./Sources/common.o
 .debug_loc     0x000024cc       0xc8 ./Sources/capacitivepadsdriver.o
 .debug_loc     0x00002594       0xa8 ./Sources/capacitivepads.o
 .debug_loc     0x0000263c       0x8d C:/Freescale/CW MCU v10.6/MCU/ARM_GCC_Support/ewl/lib/armv7e-m/fpu\libc.a(assert.o)
 .debug_loc     0x000026c9       0x2c C:/Freescale/CW MCU v10.6/MCU/ARM_GCC_Support/ewl/lib/armv7e-m/fpu\libc.a(printf.o)
 .debug_loc     0x000026f5       0x3f C:/Freescale/CW MCU v10.6/MCU/ARM_GCC_Support/ewl/lib/armv7e-m/fpu\libc.a(sprintf.o)
 .debug_loc     0x00002734      0x105 C:/Freescale/CW MCU v10.6/MCU/ARM_GCC_Support/ewl/lib/armv7e-m/fpu\libc.a(vsnprintf.o)
 .debug_loc     0x00002839       0x20 C:/Freescale/CW MCU v10.6/MCU/ARM_GCC_Support/ewl/lib/armv7e-m/fpu\libc.a(abort.o)
 .debug_loc     0x00002859      0x2a8 C:/Freescale/CW MCU v10.6/MCU/ARM_GCC_Support/ewl/lib/armv7e-m/fpu\libc.a(alloc.o)
 .debug_loc     0x00002b01      0x126 C:/Freescale/CW MCU v10.6/MCU/ARM_GCC_Support/ewl/lib/armv7e-m/fpu\libc.a(atoi.o)
 .debug_loc     0x00002c27       0x3e C:/Freescale/CW MCU v10.6/MCU/ARM_GCC_Support/ewl/lib/armv7e-m/fpu\libc.a(exit.o)
 .debug_loc     0x00002c65       0xc3 C:/Freescale/CW MCU v10.6/MCU/ARM_GCC_Support/ewl/lib/armv7e-m/fpu\libc.a(strtoul.o)
 .debug_loc     0x00002d28       0x59 C:/Freescale/CW MCU v10.6/MCU/ARM_GCC_Support/ewl/lib/armv7e-m/fpu\libc.a(memcpy.o)
 .debug_loc     0x00002d81       0x77 C:/Freescale/CW MCU v10.6/MCU/ARM_GCC_Support/ewl/lib/armv7e-m/fpu\libc.a(memmove.o)
 .debug_loc     0x00002df8       0x64 C:/Freescale/CW MCU v10.6/MCU/ARM_GCC_Support/ewl/lib/armv7e-m/fpu\libc.a(memset.o)
 .debug_loc     0x00002e5c       0xca C:/Freescale/CW MCU v10.6/MCU/ARM_GCC_Support/ewl/lib/armv7e-m/fpu\libc.a(strstr.o)
 .debug_loc     0x00002f26      0x11b C:/Freescale/CW MCU v10.6/MCU/ARM_GCC_Support/ewl/lib/armv7e-m/fpu\libc.a(strtok.o)
 .debug_loc     0x00003041      0xbdc C:/Freescale/CW MCU v10.6/MCU/ARM_GCC_Support/ewl/lib/armv7e-m/fpu\libc.a(printformat_.o)
 .debug_loc     0x00003c1d      0x8b6 C:/Freescale/CW MCU v10.6/MCU/ARM_GCC_Support/ewl/lib/armv7e-m/fpu\libc.a(scanformat_.o)
 .debug_loc     0x000044d3      0x18e C:/Freescale/CW MCU v10.6/MCU/ARM_GCC_Support/ewl/lib/armv7e-m/fpu\libc.a(ctype_aeabi.o)
 .debug_loc     0x00004661       0x7d C:/Freescale/CW MCU v10.6/MCU/ARM_GCC_Support/ewl/lib/armv7e-m/fpu\libc.a(raise.o)
 .debug_loc     0x000046de       0x3c C:/Freescale/CW MCU v10.6/MCU/ARM_GCC_Support/ewl/lib/armv7e-m/fpu\libc.a(signal.o)
 .debug_loc     0x0000471a       0xb2 C:/Freescale/CW MCU v10.6/MCU/ARM_GCC_Support/ewl/lib/armv7e-m/fpu\libc.a(ansi_files.o)
 .debug_loc     0x000047cc      0x2e9 C:/Freescale/CW MCU v10.6/MCU/ARM_GCC_Support/ewl/lib/armv7e-m/fpu\libc.a(fwrite.o)
 .debug_loc     0x00004ab5      0x162 C:/Freescale/CW MCU v10.6/MCU/ARM_GCC_Support/ewl/lib/armv7e-m/fpu\libc.a(vsscanf.o)
 .debug_loc     0x00004c17      0x2bb C:/Freescale/CW MCU v10.6/MCU/ARM_GCC_Support/ewl/lib/armv7e-m/fpu\libc.a(__strtoul.o)
 .debug_loc     0x00004ed2      0x12c C:/Freescale/CW MCU v10.6/MCU/ARM_GCC_Support/ewl/lib/armv7e-m/fpu\libc.a(__filll_mem.o)
 .debug_loc     0x00004ffe       0x82 C:/Freescale/CW MCU v10.6/MCU/ARM_GCC_Support/ewl/lib/armv7e-m/fpu\libc.a(__memrchr.o)
 .debug_loc     0x00005080       0x62 C:/Freescale/CW MCU v10.6/MCU/ARM_GCC_Support/ewl/lib/armv7e-m/fpu\libc.a(memchr.o)
 .debug_loc     0x000050e2       0x7c C:/Freescale/CW MCU v10.6/MCU/ARM_GCC_Support/ewl/lib/armv7e-m/fpu\libc.a(strchr.o)
 .debug_loc     0x0000515e       0x26 C:/Freescale/CW MCU v10.6/MCU/ARM_GCC_Support/ewl/lib/armv7e-m/fpu\libc.a(strlen.o)
 .debug_loc     0x00005184      0x144 C:/Freescale/CW MCU v10.6/MCU/ARM_GCC_Support/ewl/lib/armv7e-m/fpu\libc.a(__buffer_io.o)
 .debug_loc     0x000052c8       0x9d C:/Freescale/CW MCU v10.6/MCU/ARM_GCC_Support/ewl/lib/armv7e-m/fpu\librt.a(gcc_ctor_dtor.o)
 .debug_loc     0x00005365       0xb9 C:/Freescale/CW MCU v10.6/MCU/ARM_GCC_Support/ewl/lib/armv7e-m/fpu\librt.a(ROMCopy.o)
 .debug_loc     0x0000541e      0x144 C:/Freescale/CW MCU v10.6/MCU/ARM_GCC_Support/ewl/lib/armv7e-m/fpu\librt.a(__arm_eabi_init.o)
 .debug_loc     0x00005562      0x165 C:/Freescale/CW MCU v10.6/MCU/ARM_GCC_Support/ewl/lib/armv7e-m/fpu\libhosted.a(semihosted_console_io.o)
 .debug_loc     0x000056c7      0x7e5 C:/Freescale/CW MCU v10.6/MCU/ARM_GCC_Support/ewl/lib/armv7e-m/fpu\libhosted.a(semihosted_file_io.o)

.debug_aranges  0x00000000      0xfa8
 .debug_aranges
                0x00000000       0x28 ./Project_Settings/Startup_Code/kinetis_sysinit.o
 .debug_aranges
                0x00000028       0x30 ./Project_Settings/Startup_Code/__arm_start.o
 .debug_aranges
                0x00000058       0x20 ./Project_Settings/Startup_Code/__arm_end.o
 .debug_aranges
                0x00000078       0x68 ./Sources/uartdriver.o
 .debug_aranges
                0x000000e0       0x38 ./Sources/uart.o
 .debug_aranges
                0x00000118       0x28 ./Sources/thermistordriver.o
 .debug_aranges
                0x00000140       0x28 ./Sources/thermistor.o
 .debug_aranges
                0x00000168       0xd8 ./Sources/svc.o
 .debug_aranges
                0x00000240       0x60 ./Sources/stringutils.o
 .debug_aranges
                0x000002a0      0x150 ./Sources/shell.o
 .debug_aranges
                0x000003f0       0x20 ./Sources/sdram.o
 .debug_aranges
                0x00000410       0x48 ./Sources/pushbuttondriver.o
 .debug_aranges
                0x00000458       0x28 ./Sources/pushbutton.o
 .debug_aranges
                0x00000480       0x18 ./Sources/profont.o
 .debug_aranges
                0x00000498       0x28 ./Sources/potentiometerdriver.o
 .debug_aranges
                0x000004c0       0x28 ./Sources/potentiometer.o
 .debug_aranges
                0x000004e8       0xb0 ./Sources/mymalloc.o
 .debug_aranges
                0x00000598       0x20 ./Sources/mcg.o
 .debug_aranges
                0x000005b8       0x50 ./Sources/map.o
 .debug_aranges
                0x00000608       0xa8 ./Sources/leddriver.o
 .debug_aranges
                0x000006b0       0x28 ./Sources/led.o
 .debug_aranges
                0x000006d8       0x40 ./Sources/lcdcdriver.o
 .debug_aranges
                0x00000718       0x38 ./Sources/lcdcConsole.o
 .debug_aranges
                0x00000750       0x28 ./Sources/lcdc.o
 .debug_aranges
                0x00000778       0xa0 ./Sources/io.o
 .debug_aranges
                0x00000818       0x88 ./Sources/file.o
 .debug_aranges
                0x000008a0       0x28 ./Sources/common.o
 .debug_aranges
                0x000008c8       0x38 ./Sources/capacitivepadsdriver.o
 .debug_aranges
                0x00000900       0x30 ./Sources/capacitivepads.o
 .debug_aranges
                0x00000930       0x20 C:/Freescale/CW MCU v10.6/MCU/ARM_GCC_Support/ewl/lib/armv7e-m/fpu\libc.a(assert.o)
 .debug_aranges
                0x00000950       0x18 C:/Freescale/CW MCU v10.6/MCU/ARM_GCC_Support/ewl/lib/armv7e-m/fpu\libc.a(errno.o)
 .debug_aranges
                0x00000968       0x20 C:/Freescale/CW MCU v10.6/MCU/ARM_GCC_Support/ewl/lib/armv7e-m/fpu\libc.a(printf.o)
 .debug_aranges
                0x00000988       0x20 C:/Freescale/CW MCU v10.6/MCU/ARM_GCC_Support/ewl/lib/armv7e-m/fpu\libc.a(sprintf.o)
 .debug_aranges
                0x000009a8       0x28 C:/Freescale/CW MCU v10.6/MCU/ARM_GCC_Support/ewl/lib/armv7e-m/fpu\libc.a(vsnprintf.o)
 .debug_aranges
                0x000009d0       0x20 C:/Freescale/CW MCU v10.6/MCU/ARM_GCC_Support/ewl/lib/armv7e-m/fpu\libc.a(abort.o)
 .debug_aranges
                0x000009f0       0x40 C:/Freescale/CW MCU v10.6/MCU/ARM_GCC_Support/ewl/lib/armv7e-m/fpu\libc.a(alloc.o)
 .debug_aranges
                0x00000a30       0x30 C:/Freescale/CW MCU v10.6/MCU/ARM_GCC_Support/ewl/lib/armv7e-m/fpu\libc.a(atoi.o)
 .debug_aranges
                0x00000a60       0x20 C:/Freescale/CW MCU v10.6/MCU/ARM_GCC_Support/ewl/lib/armv7e-m/fpu\libc.a(exit.o)
 .debug_aranges
                0x00000a80       0x20 C:/Freescale/CW MCU v10.6/MCU/ARM_GCC_Support/ewl/lib/armv7e-m/fpu\libc.a(strtoul.o)
 .debug_aranges
                0x00000aa0       0x20 C:/Freescale/CW MCU v10.6/MCU/ARM_GCC_Support/ewl/lib/armv7e-m/fpu\libc.a(memcpy.o)
 .debug_aranges
                0x00000ac0       0x20 C:/Freescale/CW MCU v10.6/MCU/ARM_GCC_Support/ewl/lib/armv7e-m/fpu\libc.a(memmove.o)
 .debug_aranges
                0x00000ae0       0x20 C:/Freescale/CW MCU v10.6/MCU/ARM_GCC_Support/ewl/lib/armv7e-m/fpu\libc.a(memset.o)
 .debug_aranges
                0x00000b00       0x20 C:/Freescale/CW MCU v10.6/MCU/ARM_GCC_Support/ewl/lib/armv7e-m/fpu\libc.a(strstr.o)
 .debug_aranges
                0x00000b20       0x20 C:/Freescale/CW MCU v10.6/MCU/ARM_GCC_Support/ewl/lib/armv7e-m/fpu\libc.a(strtok.o)
 .debug_aranges
                0x00000b40       0x28 C:/Freescale/CW MCU v10.6/MCU/ARM_GCC_Support/ewl/lib/armv7e-m/fpu\libc.a(printformat_.o)
 .debug_aranges
                0x00000b68       0x20 C:/Freescale/CW MCU v10.6/MCU/ARM_GCC_Support/ewl/lib/armv7e-m/fpu\libc.a(scanformat_.o)
 .debug_aranges
                0x00000b88       0x88 C:/Freescale/CW MCU v10.6/MCU/ARM_GCC_Support/ewl/lib/armv7e-m/fpu\libc.a(ctype_aeabi.o)
 .debug_aranges
                0x00000c10       0x20 C:/Freescale/CW MCU v10.6/MCU/ARM_GCC_Support/ewl/lib/armv7e-m/fpu\libc.a(raise.o)
 .debug_aranges
                0x00000c30       0x20 C:/Freescale/CW MCU v10.6/MCU/ARM_GCC_Support/ewl/lib/armv7e-m/fpu\libc.a(signal.o)
 .debug_aranges
                0x00000c50       0x28 C:/Freescale/CW MCU v10.6/MCU/ARM_GCC_Support/ewl/lib/armv7e-m/fpu\libc.a(ansi_files.o)
 .debug_aranges
                0x00000c78       0x30 C:/Freescale/CW MCU v10.6/MCU/ARM_GCC_Support/ewl/lib/armv7e-m/fpu\libc.a(fwrite.o)
 .debug_aranges
                0x00000ca8       0x28 C:/Freescale/CW MCU v10.6/MCU/ARM_GCC_Support/ewl/lib/armv7e-m/fpu\libc.a(vsscanf.o)
 .debug_aranges
                0x00000cd0       0x20 C:/Freescale/CW MCU v10.6/MCU/ARM_GCC_Support/ewl/lib/armv7e-m/fpu\libc.a(__strtoul.o)
 .debug_aranges
                0x00000cf0       0x20 C:/Freescale/CW MCU v10.6/MCU/ARM_GCC_Support/ewl/lib/armv7e-m/fpu\libc.a(__filll_mem.o)
 .debug_aranges
                0x00000d10       0x20 C:/Freescale/CW MCU v10.6/MCU/ARM_GCC_Support/ewl/lib/armv7e-m/fpu\libc.a(__memrchr.o)
 .debug_aranges
                0x00000d30       0x20 C:/Freescale/CW MCU v10.6/MCU/ARM_GCC_Support/ewl/lib/armv7e-m/fpu\libc.a(memchr.o)
 .debug_aranges
                0x00000d50       0x20 C:/Freescale/CW MCU v10.6/MCU/ARM_GCC_Support/ewl/lib/armv7e-m/fpu\libc.a(strchr.o)
 .debug_aranges
                0x00000d70       0x20 C:/Freescale/CW MCU v10.6/MCU/ARM_GCC_Support/ewl/lib/armv7e-m/fpu\libc.a(strlen.o)
 .debug_aranges
                0x00000d90       0x30 C:/Freescale/CW MCU v10.6/MCU/ARM_GCC_Support/ewl/lib/armv7e-m/fpu\libc.a(__buffer_io.o)
 .debug_aranges
                0x00000dc0       0x28 C:/Freescale/CW MCU v10.6/MCU/ARM_GCC_Support/ewl/lib/armv7e-m/fpu\librt.a(gcc_ctor_dtor.o)
 .debug_aranges
                0x00000de8       0x30 C:/Freescale/CW MCU v10.6/MCU/ARM_GCC_Support/ewl/lib/armv7e-m/fpu\librt.a(ROMCopy.o)
 .debug_aranges
                0x00000e18       0x60 C:/Freescale/CW MCU v10.6/MCU/ARM_GCC_Support/ewl/lib/armv7e-m/fpu\librt.a(__arm_eabi_init.o)
 .debug_aranges
                0x00000e78       0x50 C:/Freescale/CW MCU v10.6/MCU/ARM_GCC_Support/ewl/lib/armv7e-m/fpu\libhosted.a(semihosted_console_io.o)
 .debug_aranges
                0x00000ec8       0xe0 C:/Freescale/CW MCU v10.6/MCU/ARM_GCC_Support/ewl/lib/armv7e-m/fpu\libhosted.a(semihosted_file_io.o)

.debug_macinfo  0x00000000   0xa4178d
 .debug_macinfo
                0x00000000    0x87820 ./Project_Settings/Startup_Code/kinetis_sysinit.o
 .debug_macinfo
                0x00087820     0x3f53 ./Project_Settings/Startup_Code/__arm_start.o
 .debug_macinfo
                0x0008b773     0x353c ./Project_Settings/Startup_Code/__arm_end.o
 .debug_macinfo
                0x0008ecaf    0x87834 ./Sources/uartdriver.o
 .debug_macinfo
                0x001164e3    0x87f6f ./Sources/uart.o
 .debug_macinfo
                0x0019e452    0x87fa9 ./Sources/thermistordriver.o
 .debug_macinfo
                0x002263fb    0x88075 ./Sources/thermistor.o
 .debug_macinfo
                0x002ae470    0x8828d ./Sources/svc.o
 .debug_macinfo
                0x003366fd     0x4482 ./Sources/stringutils.o
 .debug_macinfo
                0x0033ab7f    0x8939a ./Sources/shell.o
 .debug_macinfo
                0x003c3f19    0x87f9b ./Sources/sdram.o
 .debug_macinfo
                0x0044beb4    0x8781f ./Sources/pushbuttondriver.o
 .debug_macinfo
                0x004d36d3    0x87f5b ./Sources/pushbutton.o
 .debug_macinfo
                0x0055b62e     0x3d7e ./Sources/profont.o
 .debug_macinfo
                0x0055f3ac    0x87faf ./Sources/potentiometerdriver.o
 .debug_macinfo
                0x005e735b    0x88081 ./Sources/potentiometer.o
 .debug_macinfo
                0x0066f3dc     0x4da6 ./Sources/mymalloc.o
 .debug_macinfo
                0x00674182    0x879e6 ./Sources/mcg.o
 .debug_macinfo
                0x006fbb68     0x43dc ./Sources/map.o
 .debug_macinfo
                0x006fff44    0x87842 ./Sources/leddriver.o
 .debug_macinfo
                0x00787786    0x88082 ./Sources/led.o
 .debug_macinfo
                0x0080f808    0x884c2 ./Sources/lcdcdriver.o
 .debug_macinfo
                0x00897cca     0x4aa5 ./Sources/lcdcConsole.o
 .debug_macinfo
                0x0089c76f    0x88b4e ./Sources/lcdc.o
 .debug_macinfo
                0x009252bd     0x4702 ./Sources/io.o
 .debug_macinfo
                0x009299bf     0x4493 ./Sources/file.o
 .debug_macinfo
                0x0092de52     0x39d4 ./Sources/common.o
 .debug_macinfo
                0x00931826    0x87fd5 ./Sources/capacitivepadsdriver.o
 .debug_macinfo
                0x009b97fb    0x87f92 ./Sources/capacitivepads.o

.debug_line     0x00000000     0x76f3
 .debug_line    0x00000000      0x213 ./Project_Settings/Startup_Code/kinetis_sysinit.o
 .debug_line    0x00000213      0x297 ./Project_Settings/Startup_Code/__arm_start.o
 .debug_line    0x000004aa      0x267 ./Project_Settings/Startup_Code/__arm_end.o
 .debug_line    0x00000711      0x282 ./Sources/uartdriver.o
 .debug_line    0x00000993      0x2b7 ./Sources/uart.o
 .debug_line    0x00000c4a      0x293 ./Sources/thermistordriver.o
 .debug_line    0x00000edd      0x2c1 ./Sources/thermistor.o
 .debug_line    0x0000119e      0x4de ./Sources/svc.o
 .debug_line    0x0000167c      0x33e ./Sources/stringutils.o
 .debug_line    0x000019ba      0x7c3 ./Sources/shell.o
 .debug_line    0x0000217d      0x1fe ./Sources/sdram.o
 .debug_line    0x0000237b      0x209 ./Sources/pushbuttondriver.o
 .debug_line    0x00002584      0x29b ./Sources/pushbutton.o
 .debug_line    0x0000281f      0x177 ./Sources/profont.o
 .debug_line    0x00002996      0x299 ./Sources/potentiometerdriver.o
 .debug_line    0x00002c2f      0x2ca ./Sources/potentiometer.o
 .debug_line    0x00002ef9      0x47a ./Sources/mymalloc.o
 .debug_line    0x00003373      0x1a7 ./Sources/mcg.o
 .debug_line    0x0000351a      0x2fe ./Sources/map.o
 .debug_line    0x00003818      0x2f1 ./Sources/leddriver.o
 .debug_line    0x00003b09      0x2b9 ./Sources/led.o
 .debug_line    0x00003dc2      0x290 ./Sources/lcdcdriver.o
 .debug_line    0x00004052      0x289 ./Sources/lcdcConsole.o
 .debug_line    0x000042db      0x2ba ./Sources/lcdc.o
 .debug_line    0x00004595      0x4bb ./Sources/io.o
 .debug_line    0x00004a50      0x3d2 ./Sources/file.o
 .debug_line    0x00004e22      0x22a ./Sources/common.o
 .debug_line    0x0000504c      0x2da ./Sources/capacitivepadsdriver.o
 .debug_line    0x00005326      0x2e0 ./Sources/capacitivepads.o
 .debug_line    0x00005606       0x7f C:/Freescale/CW MCU v10.6/MCU/ARM_GCC_Support/ewl/lib/armv7e-m/fpu\libc.a(assert.o)
 .debug_line    0x00005685       0x4d C:/Freescale/CW MCU v10.6/MCU/ARM_GCC_Support/ewl/lib/armv7e-m/fpu\libc.a(errno.o)
 .debug_line    0x000056d2       0xb6 C:/Freescale/CW MCU v10.6/MCU/ARM_GCC_Support/ewl/lib/armv7e-m/fpu\libc.a(printf.o)
 .debug_line    0x00005788       0x94 C:/Freescale/CW MCU v10.6/MCU/ARM_GCC_Support/ewl/lib/armv7e-m/fpu\libc.a(sprintf.o)
 .debug_line    0x0000581c       0xd1 C:/Freescale/CW MCU v10.6/MCU/ARM_GCC_Support/ewl/lib/armv7e-m/fpu\libc.a(vsnprintf.o)
 .debug_line    0x000058ed       0x77 C:/Freescale/CW MCU v10.6/MCU/ARM_GCC_Support/ewl/lib/armv7e-m/fpu\libc.a(abort.o)
 .debug_line    0x00005964      0x159 C:/Freescale/CW MCU v10.6/MCU/ARM_GCC_Support/ewl/lib/armv7e-m/fpu\libc.a(alloc.o)
 .debug_line    0x00005abd       0xd5 C:/Freescale/CW MCU v10.6/MCU/ARM_GCC_Support/ewl/lib/armv7e-m/fpu\libc.a(atoi.o)
 .debug_line    0x00005b92       0x94 C:/Freescale/CW MCU v10.6/MCU/ARM_GCC_Support/ewl/lib/armv7e-m/fpu\libc.a(exit.o)
 .debug_line    0x00005c26       0xaa C:/Freescale/CW MCU v10.6/MCU/ARM_GCC_Support/ewl/lib/armv7e-m/fpu\libc.a(strtoul.o)
 .debug_line    0x00005cd0       0x8b C:/Freescale/CW MCU v10.6/MCU/ARM_GCC_Support/ewl/lib/armv7e-m/fpu\libc.a(memcpy.o)
 .debug_line    0x00005d5b       0xab C:/Freescale/CW MCU v10.6/MCU/ARM_GCC_Support/ewl/lib/armv7e-m/fpu\libc.a(memmove.o)
 .debug_line    0x00005e06       0x8f C:/Freescale/CW MCU v10.6/MCU/ARM_GCC_Support/ewl/lib/armv7e-m/fpu\libc.a(memset.o)
 .debug_line    0x00005e95       0x94 C:/Freescale/CW MCU v10.6/MCU/ARM_GCC_Support/ewl/lib/armv7e-m/fpu\libc.a(strstr.o)
 .debug_line    0x00005f29       0x96 C:/Freescale/CW MCU v10.6/MCU/ARM_GCC_Support/ewl/lib/armv7e-m/fpu\libc.a(strtok.o)
 .debug_line    0x00005fbf      0x2b4 C:/Freescale/CW MCU v10.6/MCU/ARM_GCC_Support/ewl/lib/armv7e-m/fpu\libc.a(printformat_.o)
 .debug_line    0x00006273      0x2df C:/Freescale/CW MCU v10.6/MCU/ARM_GCC_Support/ewl/lib/armv7e-m/fpu\libc.a(scanformat_.o)
 .debug_line    0x00006552      0x1a9 C:/Freescale/CW MCU v10.6/MCU/ARM_GCC_Support/ewl/lib/armv7e-m/fpu\libc.a(ctype_aeabi.o)
 .debug_line    0x000066fb       0x8a C:/Freescale/CW MCU v10.6/MCU/ARM_GCC_Support/ewl/lib/armv7e-m/fpu\libc.a(raise.o)
 .debug_line    0x00006785       0x84 C:/Freescale/CW MCU v10.6/MCU/ARM_GCC_Support/ewl/lib/armv7e-m/fpu\libc.a(signal.o)
 .debug_line    0x00006809       0xc0 C:/Freescale/CW MCU v10.6/MCU/ARM_GCC_Support/ewl/lib/armv7e-m/fpu\libc.a(ansi_files.o)
 .debug_line    0x000068c9      0x155 C:/Freescale/CW MCU v10.6/MCU/ARM_GCC_Support/ewl/lib/armv7e-m/fpu\libc.a(fwrite.o)
 .debug_line    0x00006a1e       0xc3 C:/Freescale/CW MCU v10.6/MCU/ARM_GCC_Support/ewl/lib/armv7e-m/fpu\libc.a(vsscanf.o)
 .debug_line    0x00006ae1      0x11b C:/Freescale/CW MCU v10.6/MCU/ARM_GCC_Support/ewl/lib/armv7e-m/fpu\libc.a(__strtoul.o)
 .debug_line    0x00006bfc       0xcd C:/Freescale/CW MCU v10.6/MCU/ARM_GCC_Support/ewl/lib/armv7e-m/fpu\libc.a(__filll_mem.o)
 .debug_line    0x00006cc9       0x99 C:/Freescale/CW MCU v10.6/MCU/ARM_GCC_Support/ewl/lib/armv7e-m/fpu\libc.a(__memrchr.o)
 .debug_line    0x00006d62       0x9f C:/Freescale/CW MCU v10.6/MCU/ARM_GCC_Support/ewl/lib/armv7e-m/fpu\libc.a(memchr.o)
 .debug_line    0x00006e01       0x7d C:/Freescale/CW MCU v10.6/MCU/ARM_GCC_Support/ewl/lib/armv7e-m/fpu\libc.a(strchr.o)
 .debug_line    0x00006e7e       0x83 C:/Freescale/CW MCU v10.6/MCU/ARM_GCC_Support/ewl/lib/armv7e-m/fpu\libc.a(strlen.o)
 .debug_line    0x00006f01       0xfa C:/Freescale/CW MCU v10.6/MCU/ARM_GCC_Support/ewl/lib/armv7e-m/fpu\libc.a(__buffer_io.o)
 .debug_line    0x00006ffb       0x67 C:/Freescale/CW MCU v10.6/MCU/ARM_GCC_Support/ewl/lib/armv7e-m/fpu\librt.a(gcc_ctor_dtor.o)
 .debug_line    0x00007062       0xa9 C:/Freescale/CW MCU v10.6/MCU/ARM_GCC_Support/ewl/lib/armv7e-m/fpu\librt.a(ROMCopy.o)
 .debug_line    0x0000710b      0x125 C:/Freescale/CW MCU v10.6/MCU/ARM_GCC_Support/ewl/lib/armv7e-m/fpu\librt.a(__arm_eabi_init.o)
 .debug_line    0x00007230      0x14c C:/Freescale/CW MCU v10.6/MCU/ARM_GCC_Support/ewl/lib/armv7e-m/fpu\libhosted.a(semihosted_console_io.o)
 .debug_line    0x0000737c      0x377 C:/Freescale/CW MCU v10.6/MCU/ARM_GCC_Support/ewl/lib/armv7e-m/fpu\libhosted.a(semihosted_file_io.o)

.debug_str      0x00000000     0x2e4d
 .debug_str     0x00000000      0x269 ./Project_Settings/Startup_Code/kinetis_sysinit.o
                                0x290 (size before relaxing)
 .debug_str     0x00000269       0x85 ./Project_Settings/Startup_Code/__arm_start.o
                                0x191 (size before relaxing)
 .debug_str     0x000002ee       0x41 ./Project_Settings/Startup_Code/__arm_end.o
                                 0xc8 (size before relaxing)
 .debug_str     0x0000032f      0x2a6 ./Sources/uartdriver.o
                                0x3ed (size before relaxing)
 .debug_str     0x000005d5       0x5c ./Sources/uart.o
                                0x197 (size before relaxing)
 .debug_str     0x00000631       0xab ./Sources/thermistordriver.o
                                0x2aa (size before relaxing)
 .debug_str     0x000006dc       0x52 ./Sources/thermistor.o
                                0x189 (size before relaxing)
 .debug_str     0x0000072e      0x1ae ./Sources/svc.o
                                0x372 (size before relaxing)
 .debug_str     0x000008dc       0x89 ./Sources/stringutils.o
                                0x1a8 (size before relaxing)
 .debug_str     0x00000965      0x37c ./Sources/shell.o
                                0x506 (size before relaxing)
 .debug_str     0x00000ce1      0x1c1 ./Sources/sdram.o
                                0x3ad (size before relaxing)
 .debug_str     0x00000ea2       0xbc ./Sources/pushbuttondriver.o
                                0x2da (size before relaxing)
 .debug_str     0x00000f5e       0x52 ./Sources/pushbutton.o
                                0x189 (size before relaxing)
 .debug_str     0x00000fb0       0x1d ./Sources/profont.o
                                0x11f (size before relaxing)
 .debug_str     0x00000fcd       0x55 ./Sources/potentiometerdriver.o
                                0x2b3 (size before relaxing)
 .debug_str     0x00001022       0x61 ./Sources/potentiometer.o
                                0x19b (size before relaxing)
 .debug_str     0x00001083      0x144 ./Sources/mymalloc.o
                                0x2b1 (size before relaxing)
 .debug_str     0x000011c7       0x3e ./Sources/mcg.o
                                0x221 (size before relaxing)
 .debug_str     0x00001205       0x47 ./Sources/map.o
                                0x1c4 (size before relaxing)
 .debug_str     0x0000124c       0xfe ./Sources/leddriver.o
                                0x355 (size before relaxing)
 .debug_str     0x0000134a       0x30 ./Sources/led.o
                                0x161 (size before relaxing)
 .debug_str     0x0000137a      0x14c ./Sources/lcdcdriver.o
                                0x38e (size before relaxing)
 .debug_str     0x000014c6       0x5c ./Sources/lcdcConsole.o
                                0x1ab (size before relaxing)
 .debug_str     0x00001522       0x3d ./Sources/lcdc.o
                                0x15e (size before relaxing)
 .debug_str     0x0000155f      0x1e5 ./Sources/io.o
                                0x36c (size before relaxing)
 .debug_str     0x00001744       0xc2 ./Sources/file.o
                                0x267 (size before relaxing)
 .debug_str     0x00001806       0x3a ./Sources/common.o
                                0x114 (size before relaxing)
 .debug_str     0x00001840      0x10b ./Sources/capacitivepadsdriver.o
                                0x344 (size before relaxing)
 .debug_str     0x0000194b       0x7a ./Sources/capacitivepads.o
                                0x1be (size before relaxing)
 .debug_str     0x000019c5       0x71 C:/Freescale/CW MCU v10.6/MCU/ARM_GCC_Support/ewl/lib/armv7e-m/fpu\libc.a(assert.o)
                                0x172 (size before relaxing)
 .debug_str     0x00001a36       0x12 C:/Freescale/CW MCU v10.6/MCU/ARM_GCC_Support/ewl/lib/armv7e-m/fpu\libc.a(errno.o)
                                0x12c (size before relaxing)
 .debug_str     0x00001a48      0x16d C:/Freescale/CW MCU v10.6/MCU/ARM_GCC_Support/ewl/lib/armv7e-m/fpu\libc.a(printf.o)
                                0x2e9 (size before relaxing)
 .debug_str     0x00001bb5       0x1c C:/Freescale/CW MCU v10.6/MCU/ARM_GCC_Support/ewl/lib/armv7e-m/fpu\libc.a(sprintf.o)
                                0x163 (size before relaxing)
 .debug_str     0x00001bd1       0x83 C:/Freescale/CW MCU v10.6/MCU/ARM_GCC_Support/ewl/lib/armv7e-m/fpu\libc.a(vsnprintf.o)
                                0x1cc (size before relaxing)
 .debug_str     0x00001c54       0x28 C:/Freescale/CW MCU v10.6/MCU/ARM_GCC_Support/ewl/lib/armv7e-m/fpu\libc.a(abort.o)
                                0x13f (size before relaxing)
 .debug_str     0x00001c7c       0xb2 C:/Freescale/CW MCU v10.6/MCU/ARM_GCC_Support/ewl/lib/armv7e-m/fpu\libc.a(alloc.o)
                                0x200 (size before relaxing)
 .debug_str     0x00001d2e       0x60 C:/Freescale/CW MCU v10.6/MCU/ARM_GCC_Support/ewl/lib/armv7e-m/fpu\libc.a(atoi.o)
                                0x1af (size before relaxing)
 .debug_str     0x00001d8e       0x1f C:/Freescale/CW MCU v10.6/MCU/ARM_GCC_Support/ewl/lib/armv7e-m/fpu\libc.a(exit.o)
                                0x157 (size before relaxing)
 .debug_str     0x00001dad       0x1e C:/Freescale/CW MCU v10.6/MCU/ARM_GCC_Support/ewl/lib/armv7e-m/fpu\libc.a(strtoul.o)
                                0x1aa (size before relaxing)
 .debug_str     0x00001dcb       0x1c C:/Freescale/CW MCU v10.6/MCU/ARM_GCC_Support/ewl/lib/armv7e-m/fpu\libc.a(memcpy.o)
                                0x138 (size before relaxing)
 .debug_str     0x00001de7       0x1e C:/Freescale/CW MCU v10.6/MCU/ARM_GCC_Support/ewl/lib/armv7e-m/fpu\libc.a(memmove.o)
                                0x149 (size before relaxing)
 .debug_str     0x00001e05       0x1c C:/Freescale/CW MCU v10.6/MCU/ARM_GCC_Support/ewl/lib/armv7e-m/fpu\libc.a(memset.o)
                                0x140 (size before relaxing)
 .debug_str     0x00001e21       0x2b C:/Freescale/CW MCU v10.6/MCU/ARM_GCC_Support/ewl/lib/armv7e-m/fpu\libc.a(strstr.o)
                                0x140 (size before relaxing)
 .debug_str     0x00001e4c       0x39 C:/Freescale/CW MCU v10.6/MCU/ARM_GCC_Support/ewl/lib/armv7e-m/fpu\libc.a(strtok.o)
                                0x15f (size before relaxing)
 .debug_str     0x00001e85      0x213 C:/Freescale/CW MCU v10.6/MCU/ARM_GCC_Support/ewl/lib/armv7e-m/fpu\libc.a(printformat_.o)
                                0x3b3 (size before relaxing)
 .debug_str     0x00002098      0x169 C:/Freescale/CW MCU v10.6/MCU/ARM_GCC_Support/ewl/lib/armv7e-m/fpu\libc.a(scanformat_.o)
                                0x3f9 (size before relaxing)
 .debug_str     0x00002201       0x9d C:/Freescale/CW MCU v10.6/MCU/ARM_GCC_Support/ewl/lib/armv7e-m/fpu\libc.a(ctype_aeabi.o)
                                0x1bc (size before relaxing)
 .debug_str     0x0000229e       0x38 C:/Freescale/CW MCU v10.6/MCU/ARM_GCC_Support/ewl/lib/armv7e-m/fpu\libc.a(raise.o)
                                0x161 (size before relaxing)
 .debug_str     0x000022d6       0x2b C:/Freescale/CW MCU v10.6/MCU/ARM_GCC_Support/ewl/lib/armv7e-m/fpu\libc.a(signal.o)
                                0x179 (size before relaxing)
 .debug_str     0x00002301      0x189 C:/Freescale/CW MCU v10.6/MCU/ARM_GCC_Support/ewl/lib/armv7e-m/fpu\libc.a(ansi_files.o)
                                0x442 (size before relaxing)
 .debug_str     0x0000248a      0x18a C:/Freescale/CW MCU v10.6/MCU/ARM_GCC_Support/ewl/lib/armv7e-m/fpu\libc.a(fwrite.o)
                                0x53b (size before relaxing)
 .debug_str     0x00002614       0x3c C:/Freescale/CW MCU v10.6/MCU/ARM_GCC_Support/ewl/lib/armv7e-m/fpu\libc.a(vsscanf.o)